ℹ [2/7] Replayed RelationalPerimeter.Constitution.Primitives
info: RelationalPerimeter/Constitution/Primitives.lean:212:0: 'StrongPerimetralTurning.LocalNode' does not depend on any axioms
info: RelationalPerimeter/Constitution/Primitives.lean:213:0: 'StrongPerimetralTurning.PerimeterSpine' does not depend on any axioms
info: RelationalPerimeter/Constitution/Primitives.lean:214:0: 'StrongPerimetralTurning.PerimeterSpine.startNode' does not depend on any axioms
info: RelationalPerimeter/Constitution/Primitives.lean:215:0: 'StrongPerimetralTurning.PerimeterSpine.finalNode' does not depend on any axioms
info: RelationalPerimeter/Constitution/Primitives.lean:216:0: 'StrongPerimetralTurning.NonClosingPosition' does not depend on any axioms
info: RelationalPerimeter/Constitution/Primitives.lean:217:0: 'StrongPerimetralTurning.NonClosingPrecedes' does not depend on any axioms
info: RelationalPerimeter/Constitution/Primitives.lean:218:0: 'StrongPerimetralTurning.NonClosingNext' does not depend on any axioms
info: RelationalPerimeter/Constitution/Primitives.lean:219:0: 'StrongPerimetralTurning.NonClosingPrecedes.ne' does not depend on any axioms
info: RelationalPerimeter/Constitution/Primitives.lean:220:0: 'StrongPerimetralTurning.NonClosingNext.toPrecedes' does not depend on any axioms
ℹ [3/7] Replayed RelationalPerimeter.Constitution.PositivePresentation
info: RelationalPerimeter/Constitution/PositivePresentation.lean:79:0: 'StrongPerimetralTurning.PositiveCircularPresentation' does not depend on any axioms
info: RelationalPerimeter/Constitution/PositivePresentation.lean:80:0: 'StrongPerimetralTurning.EndpointBoundary' does not depend on any axioms
info: RelationalPerimeter/Constitution/PositivePresentation.lean:81:0: 'StrongPerimetralTurning.CircularClosureObstruction' does not depend on any axioms
info: RelationalPerimeter/Constitution/PositivePresentation.lean:82:0: 'StrongPerimetralTurning.CircularClosureObstruction.rejectTotalLoop' does not depend on any axioms
info: RelationalPerimeter/Constitution/PositivePresentation.lean:83:0: 'StrongPerimetralTurning.CircularClosureObstruction.endpointsSeparated' does not depend on any axioms
info: RelationalPerimeter/Constitution/PositivePresentation.lean:84:0: 'StrongPerimetralTurning.CircularClosureObstruction.noObstructionOfIdentifiedEndpoints' does not depend on any axioms
ℹ [4/7] Replayed ExactTypeTransport
info: ExactTypeTransport.lean:120:0: 'ExactTypeTransport' does not depend on any axioms
info: ExactTypeTransport.lean:121:0: 'ExactTypeTransport.reflexive' does not depend on any axioms
info: ExactTypeTransport.lean:122:0: 'ExactTypeTransport.ofEquality' does not depend on any axioms
info: ExactTypeTransport.lean:123:0: 'ExactTypeTransport.reverse' does not depend on any axioms
info: ExactTypeTransport.lean:124:0: 'ExactTypeTransport.compose' does not depend on any axioms
info: ExactTypeTransport.lean:125:0: 'ExactTypeTransport.sumUnit' does not depend on any axioms
info: ExactTypeTransport.lean:126:0: 'ExactTypeTransport.backward_eq_of_forward_eq' does not depend on any axioms
ℹ [5/7] Replayed RelationalPerimeter.Constitution.BoundaryTransport
info: RelationalPerimeter/Constitution/BoundaryTransport.lean:291:0: 'RelationalPerimeter.Constitution.ConstitutiveBoundary' does not depend on any axioms
info: RelationalPerimeter/Constitution/BoundaryTransport.lean:292:0: 'RelationalPerimeter.Constitution.closingBoundary' does not depend on any axioms
info: RelationalPerimeter/Constitution/BoundaryTransport.lean:293:0: 'RelationalPerimeter.Constitution.BoundaryCarrierTransport' does not depend on any axioms
info: RelationalPerimeter/Constitution/BoundaryTransport.lean:294:0: 'RelationalPerimeter.Constitution.BoundaryTransport' does not depend on any axioms
info: RelationalPerimeter/Constitution/BoundaryTransport.lean:295:0: 'RelationalPerimeter.Constitution.BoundaryTransport.identity' does not depend on any axioms
info: RelationalPerimeter/Constitution/BoundaryTransport.lean:296:0: 'RelationalPerimeter.Constitution.BoundaryTransport.reverse' does not depend on any axioms
info: RelationalPerimeter/Constitution/BoundaryTransport.lean:297:0: 'RelationalPerimeter.Constitution.BoundaryTransport.compose' does not depend on any axioms
info: RelationalPerimeter/Constitution/BoundaryTransport.lean:298:0: 'RelationalPerimeter.Constitution.BoundaryTransport.ForwardAgreement' does not depend on any axioms
info: RelationalPerimeter/Constitution/BoundaryTransport.lean:299:0: 'RelationalPerimeter.Constitution.BoundaryTransport.identity_left' does not depend on any axioms
info: RelationalPerimeter/Constitution/BoundaryTransport.lean:300:0: 'RelationalPerimeter.Constitution.BoundaryTransport.identity_right' does not depend on any axioms
info: RelationalPerimeter/Constitution/BoundaryTransport.lean:301:0: 'RelationalPerimeter.Constitution.BoundaryTransport.compose_associative' does not depend on any axioms
info: RelationalPerimeter/Constitution/BoundaryTransport.lean:302:0: 'RelationalPerimeter.Constitution.BoundaryTransport.reverse_left' does not depend on any axioms
info: RelationalPerimeter/Constitution/BoundaryTransport.lean:303:0: 'RelationalPerimeter.Constitution.BoundaryTransport.reverse_right' does not depend on any axioms
info: RelationalPerimeter/Constitution/BoundaryTransport.lean:304:0: 'RelationalPerimeter.Constitution.BoundaryTransport.reverse_reverse' does not depend on any axioms
info: RelationalPerimeter/Constitution/BoundaryTransport.lean:305:0: 'RelationalPerimeter.Constitution.BoundaryTransport.reverse_compose' does not depend on any axioms
info: RelationalPerimeter/Constitution/BoundaryTransport.lean:306:0: 'RelationalPerimeter.Constitution.BoundaryTransport.BackwardAgreement' does not depend on any axioms
info: RelationalPerimeter/Constitution/BoundaryTransport.lean:307:0: 'RelationalPerimeter.Constitution.BoundaryTransport.backward_of_forward' does not depend on any axioms
info: RelationalPerimeter/Constitution/BoundaryTransport.lean:308:0: 'RelationalPerimeter.Constitution.BoundaryTransport.exists_identity' does not depend on any axioms
info: RelationalPerimeter/Constitution/BoundaryTransport.lean:309:0: 'RelationalPerimeter.Constitution.BoundaryTransport.exists_reverse' does not depend on any axioms
info: RelationalPerimeter/Constitution/BoundaryTransport.lean:310:0: 'RelationalPerimeter.Constitution.BoundaryTransport.exists_compose' does not depend on any axioms
info: RelationalPerimeter/Constitution/BoundaryTransport.lean:311:0: 'RelationalPerimeter.Constitution.EquippedFinalRole' does not depend on any axioms
info: RelationalPerimeter/Constitution/BoundaryTransport.lean:312:0: 'RelationalPerimeter.Constitution.EquippedFinalRole.ext' does not depend on any axioms
info: RelationalPerimeter/Constitution/BoundaryTransport.lean:313:0: 'RelationalPerimeter.Constitution.EquippedFinalRole.unique' does not depend on any axioms
info: RelationalPerimeter/Constitution/BoundaryTransport.lean:314:0: 'RelationalPerimeter.Constitution.EquippedFinalRole.canonical' does not depend on any axioms
info: RelationalPerimeter/Constitution/BoundaryTransport.lean:315:0: 'RelationalPerimeter.Constitution.EquippedFinalRole.source' does not depend on any axioms
info: RelationalPerimeter/Constitution/BoundaryTransport.lean:316:0: 'RelationalPerimeter.Constitution.EquippedFinalRole.target' does not depend on any axioms
info: RelationalPerimeter/Constitution/BoundaryTransport.lean:317:0: 'RelationalPerimeter.Constitution.EquippedFinalRole.provenance' does not depend on any axioms
info: RelationalPerimeter/Constitution/BoundaryTransport.lean:318:0: 'RelationalPerimeter.Constitution.EquippedFinalRole.transport' does not depend on any axioms
info: RelationalPerimeter/Constitution/BoundaryTransport.lean:319:0: 'RelationalPerimeter.Constitution.EquippedFinalRole.source_preserved' does not depend on any axioms
info: RelationalPerimeter/Constitution/BoundaryTransport.lean:320:0: 'RelationalPerimeter.Constitution.EquippedFinalRole.target_preserved' does not depend on any axioms
info: RelationalPerimeter/Constitution/BoundaryTransport.lean:321:0: 'RelationalPerimeter.Constitution.EquippedFinalRole.provenance_preserved' does not depend on any axioms
info: RelationalPerimeter/Constitution/BoundaryTransport.lean:322:0: 'RelationalPerimeter.Constitution.EquippedFinalRole.transport_identity' does not depend on any axioms
info: RelationalPerimeter/Constitution/BoundaryTransport.lean:323:0: 'RelationalPerimeter.Constitution.EquippedFinalRole.transport_compose' does not depend on any axioms
info: RelationalPerimeter/Constitution/BoundaryTransport.lean:324:0: 'RelationalPerimeter.Constitution.EquippedFinalRole.transport_reverse' does not depend on any axioms
info: RelationalPerimeter/Constitution/BoundaryTransport.lean:325:0: 'RelationalPerimeter.Constitution.EquippedFinalRole.transport_reverse_right' does not depend on any axioms
info: RelationalPerimeter/Constitution/BoundaryTransport.lean:326:0: 'RelationalPerimeter.Constitution.EquippedFinalRole.exactTransport' does not depend on any axioms
ℹ [6/7] Replayed RelationalPerimeter.Constitution.ClosingBoundary
info: RelationalPerimeter/Constitution/ClosingBoundary.lean:147:0: 'RelationalPerimeter.Constitution.ClosingBoundaryShape' does not depend on any axioms
info: RelationalPerimeter/Constitution/ClosingBoundary.lean:148:0: 'RelationalPerimeter.Constitution.ClosingWitness' does not depend on any axioms
info: RelationalPerimeter/Constitution/ClosingBoundary.lean:149:0: 'RelationalPerimeter.Constitution.PointedClosingBoundary' does not depend on any axioms
info: RelationalPerimeter/Constitution/ClosingBoundary.lean:150:0: 'RelationalPerimeter.Constitution.ClosingBoundaryShape.point' does not depend on any axioms
info: RelationalPerimeter/Constitution/ClosingBoundary.lean:151:0: 'RelationalPerimeter.Constitution.ClosingBoundaryShape.pointingTransport' does not depend on any axioms
info: RelationalPerimeter/Constitution/ClosingBoundary.lean:152:0: 'RelationalPerimeter.Constitution.ClosingBoundaryShape.nonempty_pointed_iff' does not depend on any axioms
info: RelationalPerimeter/Constitution/ClosingBoundary.lean:153:0: 'RelationalPerimeter.Constitution.ClosingBoundaryShape.noPointingOfEmpty' does not depend on any axioms
info: RelationalPerimeter/Constitution/ClosingBoundary.lean:154:0: 'RelationalPerimeter.Constitution.ConstitutiveBoundary.toClosingBoundaryShape' does not depend on any axioms
info: RelationalPerimeter/Constitution/ClosingBoundary.lean:155:0: 'RelationalPerimeter.Constitution.ConstitutiveBoundary.toPointedClosingBoundary' does not depend on any axioms
info: RelationalPerimeter/Constitution/ClosingBoundary.lean:156:0: 'RelationalPerimeter.Constitution.ConstitutiveBoundary.shape_fibre_nonempty' does not depend on any axioms
info: RelationalPerimeter/Constitution/ClosingBoundary.lean:157:0: 'RelationalPerimeter.Constitution.PointedClosingBoundary.toConstitutiveBoundary' does not depend on any axioms
info: RelationalPerimeter/Constitution/ClosingBoundary.lean:158:0: 'RelationalPerimeter.Constitution.PointedClosingBoundary.shape_roundTrip' does not depend on any axioms
info: RelationalPerimeter/Constitution/ClosingBoundary.lean:159:0: 'RelationalPerimeter.Constitution.PointedClosingBoundary.pointing_roundTrip' does not depend on any axioms
info: RelationalPerimeter/Constitution/ClosingBoundary.lean:160:0: 'RelationalPerimeter.Constitution.PointedClosingBoundary.FinalRole' does not depend on any axioms
info: RelationalPerimeter/Constitution/ClosingBoundary.lean:161:0: 'RelationalPerimeter.Constitution.PointedClosingBoundary.finalRole' does not depend on any axioms
info: RelationalPerimeter/Constitution/ClosingBoundary.lean:162:0: 'RelationalPerimeter.Constitution.PointedClosingBoundary.finalRole_unique' does not depend on any axioms
info: RelationalPerimeter/Constitution/ClosingBoundary.lean:163:0: 'RelationalPerimeter.Constitution.PointedClosingBoundary.finalRole_junction' does not depend on any axioms
info: RelationalPerimeter/Constitution/ClosingBoundary.lean:164:0: 'RelationalPerimeter.Constitution.ConstitutiveBoundary.boundary_roundTrip' does not depend on any axioms
info: RelationalPerimeter/Constitution/ClosingBoundary.lean:165:0: 'RelationalPerimeter.Constitution.ClosingBoundaryShape.nonempty_finalRole_iff' does not depend on any axioms
info: RelationalPerimeter/Constitution/ClosingBoundary.lean:166:0: 'RelationalPerimeter.Constitution.ClosingBoundaryShape.noFinalRoleOfEmpty' does not depend on any axioms
ℹ [7/7] Built RelationalPerimeter.Constitution.ClosingBoundaryExamples (564ms)
info: RelationalPerimeter/Constitution/ClosingBoundaryExamples.lean:102:0: 'RelationalPerimeter.Constitution.ClosingBoundaryExamples.fibreShape' does not depend on any axioms
info: RelationalPerimeter/Constitution/ClosingBoundaryExamples.lean:103:0: 'RelationalPerimeter.Constitution.ClosingBoundaryExamples.emptyShape' does not depend on any axioms
info: RelationalPerimeter/Constitution/ClosingBoundaryExamples.lean:104:0: 'RelationalPerimeter.Constitution.ClosingBoundaryExamples.empty_has_no_junction' does not depend on any axioms
info: RelationalPerimeter/Constitution/ClosingBoundaryExamples.lean:105:0: 'RelationalPerimeter.Constitution.ClosingBoundaryExamples.empty_no_pointing' does not depend on any axioms
info: RelationalPerimeter/Constitution/ClosingBoundaryExamples.lean:106:0: 'RelationalPerimeter.Constitution.ClosingBoundaryExamples.empty_no_final_role' does not depend on any axioms
info: RelationalPerimeter/Constitution/ClosingBoundaryExamples.lean:107:0: 'RelationalPerimeter.Constitution.ClosingBoundaryExamples.empty_not_from_constitutive' does not depend on any axioms
info: RelationalPerimeter/Constitution/ClosingBoundaryExamples.lean:108:0: 'RelationalPerimeter.Constitution.ClosingBoundaryExamples.unitShape' does not depend on any axioms
info: RelationalPerimeter/Constitution/ClosingBoundaryExamples.lean:109:0: 'RelationalPerimeter.Constitution.ClosingBoundaryExamples.unitPointing' does not depend on any axioms
info: RelationalPerimeter/Constitution/ClosingBoundaryExamples.lean:110:0: 'RelationalPerimeter.Constitution.ClosingBoundaryExamples.unit_fibre_unique' does not depend on any axioms
info: RelationalPerimeter/Constitution/ClosingBoundaryExamples.lean:111:0: 'RelationalPerimeter.Constitution.ClosingBoundaryExamples.unitRole' does not depend on any axioms
info: RelationalPerimeter/Constitution/ClosingBoundaryExamples.lean:112:0: 'RelationalPerimeter.Constitution.ClosingBoundaryExamples.unit_role_unique' does not depend on any axioms
info: RelationalPerimeter/Constitution/ClosingBoundaryExamples.lean:113:0: 'RelationalPerimeter.Constitution.ClosingBoundaryExamples.boolShape' does not depend on any axioms
info: RelationalPerimeter/Constitution/ClosingBoundaryExamples.lean:114:0: 'RelationalPerimeter.Constitution.ClosingBoundaryExamples.falsePointing' does not depend on any axioms
info: RelationalPerimeter/Constitution/ClosingBoundaryExamples.lean:115:0: 'RelationalPerimeter.Constitution.ClosingBoundaryExamples.truePointing' does not depend on any axioms
info: RelationalPerimeter/Constitution/ClosingBoundaryExamples.lean:116:0: 'RelationalPerimeter.Constitution.ClosingBoundaryExamples.bool_witnesses_distinct' does not depend on any axioms
info: RelationalPerimeter/Constitution/ClosingBoundaryExamples.lean:117:0: 'RelationalPerimeter.Constitution.ClosingBoundaryExamples.bool_pointings_distinct' does not depend on any axioms
info: RelationalPerimeter/Constitution/ClosingBoundaryExamples.lean:118:0: 'RelationalPerimeter.Constitution.ClosingBoundaryExamples.bool_same_shape' does not depend on any axioms
info: RelationalPerimeter/Constitution/ClosingBoundaryExamples.lean:119:0: 'RelationalPerimeter.Constitution.ClosingBoundaryExamples.falseRole' does not depend on any axioms
info: RelationalPerimeter/Constitution/ClosingBoundaryExamples.lean:120:0: 'RelationalPerimeter.Constitution.ClosingBoundaryExamples.trueRole' does not depend on any axioms
info: RelationalPerimeter/Constitution/ClosingBoundaryExamples.lean:121:0: 'RelationalPerimeter.Constitution.ClosingBoundaryExamples.bool_per_choice_role_unique' does not depend on any axioms
info: RelationalPerimeter/Constitution/ClosingBoundaryExamples.lean:122:0: 'RelationalPerimeter.Constitution.ClosingBoundaryExamples.bool_role_witnesses_distinct' does not depend on any axioms
info: RelationalPerimeter/Constitution/ClosingBoundaryExamples.lean:123:0: 'RelationalPerimeter.Constitution.ClosingBoundaryExamples.bool_pointing_fibre_not_unique' does not depend on any axioms
info: RelationalPerimeter/Constitution/ClosingBoundaryExamples.lean:124:0: 'RelationalPerimeter.Constitution.ClosingBoundaryExamples.bool_closing_fibre_not_unique' does not depend on any axioms
Build completed successfully (7 jobs).
