ℹ [2/5] Replayed SegmentedResidualRole
info: SegmentedResidualRole.lean:791:0: 'SegmentedResidualRole.ExactInternalRealization' does not depend on any axioms
info: SegmentedResidualRole.lean:792:0: 'SegmentedResidualRole.ResidualUniquenessKernel' does not depend on any axioms
info: SegmentedResidualRole.lean:793:0: 'SegmentedResidualRole.ResidualDeterminationCore' does not depend on any axioms
info: SegmentedResidualRole.lean:794:0: 'SegmentedResidualRole.ResidualDeterminationCore.label_is_residual' does not depend on any axioms
info: SegmentedResidualRole.lean:795:0: 'SegmentedResidualRole.ResidualDeterminationCore.occurrences_unique' does not depend on any axioms
info: SegmentedResidualRole.lean:796:0: 'SegmentedResidualRole.CoreUniqueResidualOccurrence' does not depend on any axioms
info: SegmentedResidualRole.lean:797:0: 'SegmentedResidualRole.positiveCore_hasUniqueResidualOccurrence' does not depend on any axioms
info: SegmentedResidualRole.lean:798:0: 'SegmentedResidualRole.CoreUniqueResidualOccurrence.toKernel' does not depend on any axioms
info: SegmentedResidualRole.lean:799:0: 'SegmentedResidualRole.FaithfulExtension.toResidualUniquenessKernel' does not depend on any axioms
info: SegmentedResidualRole.lean:800:0: 'SegmentedResidualRole.ResidualUniquenessKernel.newOccurrence_cannotReuseInternalRole' does not depend on any axioms
info: SegmentedResidualRole.lean:801:0: 'SegmentedResidualRole.ResidualUniquenessKernel.toDeterminationCore' does not depend on any axioms
info: SegmentedResidualRole.lean:802:0: 'SegmentedResidualRole.ResidualUniquenessKernel.newOccurrence_label_is_residual' does not depend on any axioms
info: SegmentedResidualRole.lean:803:0: 'SegmentedResidualRole.ResidualUniquenessKernel.newOccurrences_unique' does not depend on any axioms
info: SegmentedResidualRole.lean:804:0: 'SegmentedResidualRole.FaithfulExtension.newOccurrence_cannotReuseInternalRole' does not depend on any axioms
info: SegmentedResidualRole.lean:805:0: 'SegmentedResidualRole.FaithfulExtension.newOccurrence_label_is_residual' does not depend on any axioms
info: SegmentedResidualRole.lean:806:0: 'SegmentedResidualRole.FaithfulExtension.newOccurrences_unique' does not depend on any axioms
info: SegmentedResidualRole.lean:807:0: 'SegmentedResidualRole.KernelUniqueResidualOccurrence' does not depend on any axioms
info: SegmentedResidualRole.lean:808:0: 'SegmentedResidualRole.positiveKernel_hasUniqueResidualOccurrence' does not depend on any axioms
info: SegmentedResidualRole.lean:809:0: 'SegmentedResidualRole.OldLabelsInternal' does not depend on any axioms
info: SegmentedResidualRole.lean:810:0: 'SegmentedResidualRole.ExactInternalCompletion' does not depend on any axioms
info: SegmentedResidualRole.lean:811:0: 'SegmentedResidualRole.ExactReconstructionConditions' does not depend on any axioms
info: SegmentedResidualRole.lean:812:0: 'SegmentedResidualRole.ExactReconstructionConditions.toExactInternalCompletion' does not depend on any axioms
info: SegmentedResidualRole.lean:813:0: 'SegmentedResidualRole.ExactInternalCompletion.toExactInternalRealization' does not depend on any axioms
info: SegmentedResidualRole.lean:814:0: 'SegmentedResidualRole.ExactInternalCompletion.toReconstructionConditions' does not depend on any axioms
info: SegmentedResidualRole.lean:815:0: 'SegmentedResidualRole.ExactInternalCompletion.occurrenceToRole_pointwise_unique' does not depend on any axioms
info: SegmentedResidualRole.lean:816:0: 'SegmentedResidualRole.ResidualUniquenessKernel.oldLabelsInternal_of_positive' does not depend on any axioms
info: SegmentedResidualRole.lean:817:0: 'SegmentedResidualRole.ResidualUniquenessKernel.toExactInternalCompletion_of_positive' does not depend on any axioms
info: SegmentedResidualRole.lean:818:0: 'SegmentedResidualRole.FaithfulExtension.internalCompletion' does not depend on any axioms
info: SegmentedResidualRole.lean:819:0: 'SegmentedResidualRole.FaithfulExtension.embedOld_injective' does not depend on any axioms
info: SegmentedResidualRole.lean:820:0: 'SegmentedResidualRole.FaithfulExtension.reconstructInternalCompletion' does not depend on any axioms
info: SegmentedResidualRole.lean:821:0: 'SegmentedResidualRole.FaithfulExtension.reconstructed_roleToOccurrence_eq' does not depend on any axioms
info: SegmentedResidualRole.lean:822:0: 'SegmentedResidualRole.FaithfulExtension.reconstructed_roleToOccurrence_agrees' does not depend on any axioms
info: SegmentedResidualRole.lean:823:0: 'SegmentedResidualRole.FaithfulExtension.reconstructed_occurrenceToRole_agrees' does not depend on any axioms
info: SegmentedResidualRole.lean:824:0: 'SegmentedResidualRole.positiveExtension_hasUniqueResidualOccurrence' does not depend on any axioms
info: SegmentedResidualRole.lean:825:0: 'SegmentedResidualRole.CoreUniqueResidualOccurrence.toRich' does not depend on any axioms
info: SegmentedResidualRole.lean:826:0: 'SegmentedResidualRole.positiveExtension_result_occurrence' does not depend on any axioms
ℹ [3/5] Replayed AbstractSegmentedTurning
info: AbstractSegmentedTurning.lean:1177:0: 'AbstractSegmentedTurning.BoundaryGenerator.continuation_ne_boundary' does not depend on any axioms
info: AbstractSegmentedTurning.lean:1178:0: 'AbstractSegmentedTurning.ObstructedRegime.exactClassification' does not depend on any axioms
info: AbstractSegmentedTurning.lean:1179:0: 'AbstractSegmentedTurning.ObstructedRegime.continuation_outside_regime' does not depend on any axioms
info: AbstractSegmentedTurning.lean:1180:0: 'AbstractSegmentedTurning.ObstructedRegime.no_strict_regime_extension' does not depend on any axioms
info: AbstractSegmentedTurning.lean:1181:0: 'AbstractSegmentedTurning.CoreSegmentedBoundary' does not depend on any axioms
info: AbstractSegmentedTurning.lean:1182:0: 'AbstractSegmentedTurning.SegmentedBoundary.toCoreBoundary' does not depend on any axioms
info: AbstractSegmentedTurning.lean:1183:0: 'AbstractSegmentedTurning.CoreTurningConclusion' does not depend on any axioms
info: AbstractSegmentedTurning.lean:1184:0: 'AbstractSegmentedTurning.coreTurning' does not depend on any axioms
info: AbstractSegmentedTurning.lean:1185:0: 'AbstractSegmentedTurning.CorePositiveResidualBoundary' does not depend on any axioms
info: AbstractSegmentedTurning.lean:1186:0: 'AbstractSegmentedTurning.CorePositiveResidualBoundary.uniqueResidualOccurrence' does not depend on any axioms
info: AbstractSegmentedTurning.lean:1187:0: 'AbstractSegmentedTurning.PositiveResidualBoundary.toCoreBoundary' does not depend on any axioms
info: AbstractSegmentedTurning.lean:1188:0: 'AbstractSegmentedTurning.CoreCoupledObstructedRegime' does not depend on any axioms
info: AbstractSegmentedTurning.lean:1189:0: 'AbstractSegmentedTurning.CoreCoupledObstructedRegime.exactClassification' does not depend on any axioms
info: AbstractSegmentedTurning.lean:1190:0: 'AbstractSegmentedTurning.CoreCoupledObstructedRegime.toObstructedRegime' does not depend on any axioms
info: AbstractSegmentedTurning.lean:1191:0: 'AbstractSegmentedTurning.CoreCoupledObstructedRegime.admittedPositiveBoundary_rejected' does not depend on any axioms
info: AbstractSegmentedTurning.lean:1192:0: 'AbstractSegmentedTurning.CoreCoupledObstructedRegime.continuation_outside_regime' does not depend on any axioms
info: AbstractSegmentedTurning.lean:1193:0: 'AbstractSegmentedTurning.CoreCoupledObstructedRegime.no_strict_regime_extension' does not depend on any axioms
info: AbstractSegmentedTurning.lean:1194:0: 'AbstractSegmentedTurning.CoreCoupledTurningConclusion' does not depend on any axioms
info: AbstractSegmentedTurning.lean:1195:0: 'AbstractSegmentedTurning.coreCoupledTurning' does not depend on any axioms
info: AbstractSegmentedTurning.lean:1196:0: 'AbstractSegmentedTurning.CoupledObstructedRegime.toCoreCoupled' does not depend on any axioms
info: AbstractSegmentedTurning.lean:1197:0: 'AbstractSegmentedTurning.abstractTurning' does not depend on any axioms
info: AbstractSegmentedTurning.lean:1198:0: 'AbstractSegmentedTurning.PositiveResidualBoundary.uniqueResidualOccurrence' does not depend on any axioms
info: AbstractSegmentedTurning.lean:1199:0: 'AbstractSegmentedTurning.CoupledObstructedRegime.exactClassification' does not depend on any axioms
info: AbstractSegmentedTurning.lean:1200:0: 'AbstractSegmentedTurning.CoupledObstructedRegime.toObstructedRegime' does not depend on any axioms
info: AbstractSegmentedTurning.lean:1201:0: 'AbstractSegmentedTurning.CoupledObstructedRegime.admittedPositiveBoundary_rejected' does not depend on any axioms
info: AbstractSegmentedTurning.lean:1202:0: 'AbstractSegmentedTurning.coupledTurning' does not depend on any axioms
info: AbstractSegmentedTurning.lean:1203:0: 'AbstractSegmentedTurning.RegimeExit' does not depend on any axioms
info: AbstractSegmentedTurning.lean:1204:0: 'AbstractSegmentedTurning.RegimeExit.mapFaithful' does not depend on any axioms
info: AbstractSegmentedTurning.lean:1205:0: 'AbstractSegmentedTurning.RegimeExit.restrictRegime' does not depend on any axioms
info: AbstractSegmentedTurning.lean:1206:0: 'AbstractSegmentedTurning.RegimeExit.refutesFaithfulToRegime' does not depend on any axioms
info: AbstractSegmentedTurning.lean:1207:0: 'AbstractSegmentedTurning.RegimeExit.mapFaithful_id' does not depend on any axioms
info: AbstractSegmentedTurning.lean:1208:0: 'AbstractSegmentedTurning.RegimeExit.mapFaithful_comp' does not depend on any axioms
info: AbstractSegmentedTurning.lean:1209:0: 'AbstractSegmentedTurning.RegimeExit.restrictRegime_id' does not depend on any axioms
info: AbstractSegmentedTurning.lean:1210:0: 'AbstractSegmentedTurning.RegimeExit.restrictRegime_comp' does not depend on any axioms
info: AbstractSegmentedTurning.lean:1211:0: 'AbstractSegmentedTurning.RegimeExit.mapFaithful_restrictRegime' does not depend on any axioms
info: AbstractSegmentedTurning.lean:1212:0: 'AbstractSegmentedTurning.UniformRegimeExit' does not depend on any axioms
info: AbstractSegmentedTurning.lean:1213:0: 'AbstractSegmentedTurning.UniformRegimeExit.atImplementation' does not depend on any axioms
info: AbstractSegmentedTurning.lean:1214:0: 'AbstractSegmentedTurning.UniformRegimeExit.reindexImplementation' does not depend on any axioms
info: AbstractSegmentedTurning.lean:1215:0: 'AbstractSegmentedTurning.UniformRegimeExit.reindex_id' does not depend on any axioms
info: AbstractSegmentedTurning.lean:1216:0: 'AbstractSegmentedTurning.UniformRegimeExit.reindex_comp' does not depend on any axioms
info: AbstractSegmentedTurning.lean:1217:0: 'AbstractSegmentedTurning.UniformRegimeExit.reindex_at' does not depend on any axioms
ℹ [4/5] Replayed ExactTypeTransport
info: ExactTypeTransport.lean:120:0: 'ExactTypeTransport' does not depend on any axioms
info: ExactTypeTransport.lean:121:0: 'ExactTypeTransport.reflexive' does not depend on any axioms
info: ExactTypeTransport.lean:122:0: 'ExactTypeTransport.ofEquality' does not depend on any axioms
info: ExactTypeTransport.lean:123:0: 'ExactTypeTransport.reverse' does not depend on any axioms
info: ExactTypeTransport.lean:124:0: 'ExactTypeTransport.compose' does not depend on any axioms
info: ExactTypeTransport.lean:125:0: 'ExactTypeTransport.sumUnit' does not depend on any axioms
info: ExactTypeTransport.lean:126:0: 'ExactTypeTransport.backward_eq_of_forward_eq' does not depend on any axioms
ℹ [5/5] Replayed StrongPerimetralTurning
info: StrongPerimetralTurning.lean:8889:0: 'StrongPerimetralTurning.CircularPresentation.rejectTotalLoop' does not depend on any axioms
info: StrongPerimetralTurning.lean:8890:0: 'StrongPerimetralTurning.CircularPresentation.positiveClosureObstruction' does not depend on any axioms
info: StrongPerimetralTurning.lean:8891:0: 'StrongPerimetralTurning.RawJunctionWithSeparatedEndpoints' does not depend on any axioms
info: StrongPerimetralTurning.lean:8892:0: 'StrongPerimetralTurning.ExplicitTotalization.toContractionKernel' does not depend on any axioms
info: StrongPerimetralTurning.lean:8893:0: 'StrongPerimetralTurning.ImplicitTotalization.toContractionKernel' does not depend on any axioms
info: StrongPerimetralTurning.lean:8894:0: 'StrongPerimetralTurning.explicitKernelContractsClosureDifference' does not depend on any axioms
info: StrongPerimetralTurning.lean:8895:0: 'StrongPerimetralTurning.implicitKernelContractsClosureDifference' does not depend on any axioms
info: StrongPerimetralTurning.lean:8896:0: 'StrongPerimetralTurning.explicitContractionKernelRejected' does not depend on any axioms
info: StrongPerimetralTurning.lean:8897:0: 'StrongPerimetralTurning.implicitContractionKernelRejected' does not depend on any axioms
info: StrongPerimetralTurning.lean:8898:0: 'StrongPerimetralTurning.ContractedClosureDifference.endpointContraction' does not depend on any axioms
info: StrongPerimetralTurning.lean:8899:0: 'StrongPerimetralTurning.ContractedClosureDifference.reject' does not depend on any axioms
info: StrongPerimetralTurning.lean:8900:0: 'StrongPerimetralTurning.explicitTotalizationContractsClosureDifference' does not depend on any axioms
info: StrongPerimetralTurning.lean:8901:0: 'StrongPerimetralTurning.implicitTotalizationContractsClosureDifference' does not depend on any axioms
info: StrongPerimetralTurning.lean:8902:0: 'StrongPerimetralTurning.explicitTotalizationRejected' does not depend on any axioms
info: StrongPerimetralTurning.lean:8903:0: 'StrongPerimetralTurning.implicitTotalizationRejected' does not depend on any axioms
info: StrongPerimetralTurning.lean:8904:0: 'StrongPerimetralTurning.FreeConstitution.formed_boundaryCode_exact' does not depend on any axioms
info: StrongPerimetralTurning.lean:8905:0: 'StrongPerimetralTurning.FreeConstitution.formed_core_exact' does not depend on any axioms
info: StrongPerimetralTurning.lean:8906:0: 'StrongPerimetralTurning.FreeConstitution.root_inheritedClosureObstruction_exact' does not depend on any axioms
info: StrongPerimetralTurning.lean:8907:0: 'StrongPerimetralTurning.FreeConstitution.formed_inheritedClosureObstruction_exact' does not depend on any axioms
info: StrongPerimetralTurning.lean:8908:0: 'StrongPerimetralTurning.FreeConstitution.formed_integratedClosureObstruction_exact' does not depend on any axioms
info: StrongPerimetralTurning.lean:8909:0: 'StrongPerimetralTurning.FreeConstitution.formed_integratedProvenance_exact' does not depend on any axioms
info: StrongPerimetralTurning.lean:8910:0: 'StrongPerimetralTurning.canonicalTarget_inheritedClosureObstruction_exact' does not depend on any axioms
info: StrongPerimetralTurning.lean:8911:0: 'StrongPerimetralTurning.generate' does not depend on any axioms
info: StrongPerimetralTurning.lean:8912:0: 'StrongPerimetralTurning.canonicalFormationEliminator_exact' does not depend on any axioms
info: StrongPerimetralTurning.lean:8913:0: 'StrongPerimetralTurning.formationEliminator_is_free_fold' does not depend on any axioms
info: StrongPerimetralTurning.lean:8914:0: 'StrongPerimetralTurning.canonicalFreeLayer_is_free_elimination' does not depend on any axioms
info: StrongPerimetralTurning.lean:8915:0: 'StrongPerimetralTurning.HistoricalProvenanceRecord' does not depend on any axioms
info: StrongPerimetralTurning.lean:8916:0: 'StrongPerimetralTurning.HistoricalProvenanceRecord.ofIntegration' does not depend on any axioms
info: StrongPerimetralTurning.lean:8917:0: 'StrongPerimetralTurning.HistoricalProvenanceRecord.recordedProvenance' does not depend on any axioms
info: StrongPerimetralTurning.lean:8918:0: 'StrongPerimetralTurning.HistoricalProvenanceRecord.recordedProvenance_is_origin' does not depend on any axioms
info: StrongPerimetralTurning.lean:8919:0: 'StrongPerimetralTurning.PreservesProvenance.inscribedInTarget' does not depend on any axioms
info: StrongPerimetralTurning.lean:8920:0: 'StrongPerimetralTurning.PreservesProvenance.exactProvenance_is_origin' does not depend on any axioms
info: StrongPerimetralTurning.lean:8921:0: 'StrongPerimetralTurning.canonicalSourceProvenanceInscribed' does not depend on any axioms
info: StrongPerimetralTurning.lean:8922:0: 'StrongPerimetralTurning.recoverImmediateOriginFromFormation' does not depend on any axioms
info: StrongPerimetralTurning.lean:8923:0: 'StrongPerimetralTurning.RecoveredImmediateOrigin.provenance' does not depend on any axioms
info: StrongPerimetralTurning.lean:8924:0: 'StrongPerimetralTurning.GeneratedStep.compatibilityWitnessExact' does not depend on any axioms
info: StrongPerimetralTurning.lean:8925:0: 'StrongPerimetralTurning.GeneratedStep.provenanceWitnessExact' does not depend on any axioms
info: StrongPerimetralTurning.lean:8926:0: 'StrongPerimetralTurning.GeneratedStep.integratesClosureObstruction' does not depend on any axioms
info: StrongPerimetralTurning.lean:8927:0: 'StrongPerimetralTurning.GeneratedStep.inheritedClosureObstructionExact' does not depend on any axioms
info: StrongPerimetralTurning.lean:8928:0: 'StrongPerimetralTurning.GeneratedStep.sourceProvenanceInscribedInTarget' does not depend on any axioms
info: StrongPerimetralTurning.lean:8929:0: 'StrongPerimetralTurning.GeneratedStep.currentFormationRecord' does not depend on any axioms
info: StrongPerimetralTurning.lean:8930:0: 'StrongPerimetralTurning.GeneratedStep.rejectsAlternativeCompatibility' does not depend on any axioms
info: StrongPerimetralTurning.lean:8931:0: 'StrongPerimetralTurning.GeneratedStep.rejectsAlternativeProvenance' does not depend on any axioms
info: StrongPerimetralTurning.lean:8932:0: 'StrongPerimetralTurning.generatedHistory_preservesClosureObstruction' does not depend on any axioms
info: StrongPerimetralTurning.lean:8933:0: 'StrongPerimetralTurning.preserveFormationRecordAlongHistory' does not depend on any axioms
info: StrongPerimetralTurning.lean:8934:0: 'StrongPerimetralTurning.preserveHistoricalProvenanceAlongStep' does not depend on any axioms
info: StrongPerimetralTurning.lean:8935:0: 'StrongPerimetralTurning.preserveHistoricalProvenanceAlongHistory' does not depend on any axioms
info: StrongPerimetralTurning.lean:8936:0: 'StrongPerimetralTurning.positiveGeneratedHistory_hasFreshFormation' does not depend on any axioms
info: StrongPerimetralTurning.lean:8937:0: 'StrongPerimetralTurning.FreshFormationRecord.notFromSource' does not depend on any axioms
info: StrongPerimetralTurning.lean:8938:0: 'StrongPerimetralTurning.append_positive_ne' does not depend on any axioms
info: StrongPerimetralTurning.lean:8939:0: 'StrongPerimetralTurning.positiveGeneratedHistory_source_ne_target' does not depend on any axioms
info: StrongPerimetralTurning.lean:8940:0: 'StrongPerimetralTurning.positiveGeneratedHistory_cursorAdvance' does not depend on any axioms
info: StrongPerimetralTurning.lean:8941:0: 'StrongPerimetralTurning.positiveCursorAdvance_irreflexive' does not depend on any axioms
info: StrongPerimetralTurning.lean:8942:0: 'StrongPerimetralTurning.CursorFuture.irreflexive' does not depend on any axioms
info: StrongPerimetralTurning.lean:8943:0: 'StrongPerimetralTurning.ProperSpineSuffix.irreflexive' does not depend on any axioms
info: StrongPerimetralTurning.lean:8944:0: 'StrongPerimetralTurning.ProperFreeTail.irreflexive' does not depend on any axioms
info: StrongPerimetralTurning.lean:8945:0: 'StrongPerimetralTurning.ProperStructuralDepth.irreflexive' does not depend on any axioms
info: StrongPerimetralTurning.lean:8946:0: 'StrongPerimetralTurning.partial_is_prefix_of_perimeter' does not depend on any axioms
info: StrongPerimetralTurning.lean:8947:0: 'StrongPerimetralTurning.rootedOccurrence_source_eq_of_cursor_eq' does not depend on any axioms
info: StrongPerimetralTurning.lean:8948:0: 'StrongPerimetralTurning.RequirementOccurrenceAgreement.locatedStepExact' does not depend on any axioms
info: StrongPerimetralTurning.lean:8949:0: 'StrongPerimetralTurning.RequirementOccurrenceAgreement.compatibilityTransport' does not depend on any axioms
info: StrongPerimetralTurning.lean:8950:0: 'StrongPerimetralTurning.RequirementOccurrenceAgreement.provenanceWitnessExact' does not depend on any axioms
info: StrongPerimetralTurning.lean:8951:0: 'StrongPerimetralTurning.History.embedLeftOccurrence_injective' does not depend on any axioms
info: StrongPerimetralTurning.lean:8952:0: 'StrongPerimetralTurning.locatedStep_transportOccurrence' does not depend on any axioms
info: StrongPerimetralTurning.lean:8953:0: 'StrongPerimetralTurning.PerimeterExtension.oldOccurrenceAgreement' does not depend on any axioms
info: StrongPerimetralTurning.lean:8954:0: 'StrongPerimetralTurning.PerimeterExtension.oldOccurrence_injective' does not depend on any axioms
info: StrongPerimetralTurning.lean:8955:0: 'StrongPerimetralTurning.PerimeterExtension.toExactNonClosingRealization' does not depend on any axioms
info: StrongPerimetralTurning.lean:8956:0: 'StrongPerimetralTurning.identityCircularRefinement' does not depend on any axioms
info: StrongPerimetralTurning.lean:8957:0: 'StrongPerimetralTurning.CoreCircularResidualContext' does not depend on any axioms
info: StrongPerimetralTurning.lean:8958:0: 'StrongPerimetralTurning.coreCircularBoundaryType' does not depend on any axioms
info: StrongPerimetralTurning.lean:8959:0: 'StrongPerimetralTurning.coreCircularPositiveResidualBoundary' does not depend on any axioms
info: StrongPerimetralTurning.lean:8960:0: 'StrongPerimetralTurning.CoreResidualClosureInterpretation' does not depend on any axioms
info: StrongPerimetralTurning.lean:8961:0: 'StrongPerimetralTurning.coreInterpretResidual' does not depend on any axioms
info: StrongPerimetralTurning.lean:8962:0: 'StrongPerimetralTurning.CoreResidualClosureAttempt' does not depend on any axioms
info: StrongPerimetralTurning.lean:8963:0: 'StrongPerimetralTurning.rejectCoreResidualClosureAttempt' does not depend on any axioms
info: StrongPerimetralTurning.lean:8964:0: 'StrongPerimetralTurning.CoreCircularPositiveBranch' does not depend on any axioms
info: StrongPerimetralTurning.lean:8965:0: 'StrongPerimetralTurning.CoreCircularRefinement' does not depend on any axioms
info: StrongPerimetralTurning.lean:8966:0: 'StrongPerimetralTurning.identityCoreCircularRefinement' does not depend on any axioms
info: StrongPerimetralTurning.lean:8967:0: 'StrongPerimetralTurning.CircularRefinement.toCoreCircularRefinement' does not depend on any axioms
info: StrongPerimetralTurning.lean:8968:0: 'StrongPerimetralTurning.coreCircularRefinement_history_eq_perimeter' does not depend on any axioms
info: StrongPerimetralTurning.lean:8969:0: 'StrongPerimetralTurning.circularRefinement_nonempty_iff_coreCircularRefinement_nonempty' does not depend on any axioms
info: StrongPerimetralTurning.lean:8970:0: 'StrongPerimetralTurning.oneStepAfterPerimeter_is_extension' does not depend on any axioms
info: StrongPerimetralTurning.lean:8971:0: 'StrongPerimetralTurning.oneStepResidualDeterminationCore' does not depend on any axioms
info: StrongPerimetralTurning.lean:8972:0: 'StrongPerimetralTurning.oneStepCorePositive' does not depend on any axioms
info: StrongPerimetralTurning.lean:8973:0: 'StrongPerimetralTurning.oneStepCoreResidualOccurrence' does not depend on any axioms
info: StrongPerimetralTurning.lean:8974:0: 'StrongPerimetralTurning.oneStepCoreSegmentedBoundary' does not depend on any axioms
info: StrongPerimetralTurning.lean:8975:0: 'StrongPerimetralTurning.oneStepAfterPerimeter_nonClosingRealization' does not depend on any axioms
info: StrongPerimetralTurning.lean:8976:0: 'StrongPerimetralTurning.CircularClosureMeaning' does not depend on any axioms
info: StrongPerimetralTurning.lean:8977:0: 'StrongPerimetralTurning.perimeterDeployment_closureMeaning' does not depend on any axioms
info: StrongPerimetralTurning.lean:8978:0: 'StrongPerimetralTurning.oneStepAfterPerimeter_notClosureMeaning' does not depend on any axioms
info: StrongPerimetralTurning.lean:8979:0: 'StrongPerimetralTurning.CircularSpecificationSatisfaction' does not depend on any axioms
info: StrongPerimetralTurning.lean:8980:0: 'StrongPerimetralTurning.perimeterDeployment_specificationSatisfaction' does not depend on any axioms
info: StrongPerimetralTurning.lean:8981:0: 'StrongPerimetralTurning.oneStepAfterPerimeter_notSpecificationSatisfaction' does not depend on any axioms
info: StrongPerimetralTurning.lean:8982:0: 'StrongPerimetralTurning.oneStepAfterPerimeterStrict' does not depend on any axioms
info: StrongPerimetralTurning.lean:8983:0: 'StrongPerimetralTurning.oneStepAfterPerimeter_ne' does not depend on any axioms
info: StrongPerimetralTurning.lean:8984:0: 'StrongPerimetralTurning.perimetralBoundaryGenerator' does not depend on any axioms
info: StrongPerimetralTurning.lean:8985:0: 'StrongPerimetralTurning.occurrenceToRequirement_toOccurrence' does not depend on any axioms
info: StrongPerimetralTurning.lean:8986:0: 'StrongPerimetralTurning.requirementToOccurrence_toRequirement' does not depend on any axioms
info: StrongPerimetralTurning.lean:8987:0: 'StrongPerimetralTurning.deployOccurrence_position_roundTrip' does not depend on any axioms
info: StrongPerimetralTurning.lean:8988:0: 'StrongPerimetralTurning.classifyDeploymentOccurrence' does not depend on any axioms
info: StrongPerimetralTurning.lean:8989:0: 'StrongPerimetralTurning.decodeDeploymentOccurrence' does not depend on any axioms
info: StrongPerimetralTurning.lean:8990:0: 'StrongPerimetralTurning.deployPosition_occurrence_roundTrip' does not depend on any axioms
info: StrongPerimetralTurning.lean:8991:0: 'StrongPerimetralTurning.deployPositionToOccurrence_injective' does not depend on any axioms
info: StrongPerimetralTurning.lean:8992:0: 'StrongPerimetralTurning.requirementToOccurrence_injective' does not depend on any axioms
info: StrongPerimetralTurning.lean:8993:0: 'StrongPerimetralTurning.ExactNonClosingRealization' does not depend on any axioms
info: StrongPerimetralTurning.lean:8994:0: 'StrongPerimetralTurning.SemanticTrace' does not depend on any axioms
info: StrongPerimetralTurning.lean:8995:0: 'StrongPerimetralTurning.SemanticTrace.locatedStep' does not depend on any axioms
info: StrongPerimetralTurning.lean:8996:0: 'StrongPerimetralTurning.LocatedRequirementAgreement' does not depend on any axioms
info: StrongPerimetralTurning.lean:8997:0: 'StrongPerimetralTurning.SemanticExactNonClosingRealization' does not depend on any axioms
info: StrongPerimetralTurning.lean:8998:0: 'StrongPerimetralTurning.NonClosingPrecedes' does not depend on any axioms
info: StrongPerimetralTurning.lean:8999:0: 'StrongPerimetralTurning.SemanticOrderPreserved' does not depend on any axioms
info: StrongPerimetralTurning.lean:9000:0: 'StrongPerimetralTurning.perimeterRealization' does not depend on any axioms
info: StrongPerimetralTurning.lean:9001:0: 'StrongPerimetralTurning.finalRequirementContractible' does not depend on any axioms
info: StrongPerimetralTurning.lean:9002:0: 'StrongPerimetralTurning.perimeterInternalRoleRealization' does not depend on any axioms
info: StrongPerimetralTurning.lean:9003:0: 'StrongPerimetralTurning.FaithfullyLabelledPerimeterExtension.toSegmentedResidualExtension' does not depend on any axioms
info: StrongPerimetralTurning.lean:9004:0: 'StrongPerimetralTurning.FaithfullyLabelledPerimeterExtension.segmentedResidualExtension_embedOld_injective' does not depend on any axioms
info: StrongPerimetralTurning.lean:9005:0: 'StrongPerimetralTurning.FaithfullyLabelledPerimeterExtension.newOccurrence_cannotReuseNonClosingRequirement' does not depend on any axioms
info: StrongPerimetralTurning.lean:9006:0: 'StrongPerimetralTurning.FaithfullyLabelledPerimeterExtension.newOccurrence_label_is_final' does not depend on any axioms
info: StrongPerimetralTurning.lean:9007:0: 'StrongPerimetralTurning.FaithfullyLabelledPerimeterExtension.continuation_occurrences_unique' does not depend on any axioms
info: StrongPerimetralTurning.lean:9008:0: 'StrongPerimetralTurning.PositiveContinuation.toResidualPositive' does not depend on any axioms
info: StrongPerimetralTurning.lean:9009:0: 'StrongPerimetralTurning.FaithfullyLabelledPerimeterExtension.reconstructedInternalCompletion' does not depend on any axioms
info: StrongPerimetralTurning.lean:9010:0: 'StrongPerimetralTurning.FaithfullyLabelledPerimeterExtension.reconstructed_roleToOccurrence_agrees' does not depend on any axioms
info: StrongPerimetralTurning.lean:9011:0: 'StrongPerimetralTurning.FaithfullyLabelledPerimeterExtension.reconstructed_occurrenceToRole_agrees' does not depend on any axioms
info: StrongPerimetralTurning.lean:9012:0: 'StrongPerimetralTurning.oneStepSegmentedBoundary' does not depend on any axioms
info: StrongPerimetralTurning.lean:9013:0: 'StrongPerimetralTurning.oneStepResidualPositive' does not depend on any axioms
info: StrongPerimetralTurning.lean:9014:0: 'StrongPerimetralTurning.oneStepResidualPositive_agrees_with_segmentedBoundary' does not depend on any axioms
info: StrongPerimetralTurning.lean:9015:0: 'StrongPerimetralTurning.oneStepReconstructedInternalCompletion' does not depend on any axioms
info: StrongPerimetralTurning.lean:9016:0: 'StrongPerimetralTurning.oneStepReconstructedInternalRealization' does not depend on any axioms
info: StrongPerimetralTurning.lean:9017:0: 'StrongPerimetralTurning.oneStepReconstructed_roleToOccurrence_agrees' does not depend on any axioms
info: StrongPerimetralTurning.lean:9018:0: 'StrongPerimetralTurning.oneStepReconstructed_occurrenceToRole_agrees' does not depend on any axioms
info: StrongPerimetralTurning.lean:9019:0: 'StrongPerimetralTurning.oneStepWeakResidualOccurrence' does not depend on any axioms
info: StrongPerimetralTurning.lean:9020:0: 'StrongPerimetralTurning.oneStepPublicResidualOccurrence' does not depend on any axioms
info: StrongPerimetralTurning.lean:9021:0: 'StrongPerimetralTurning.oneStepResidualOccurrence_agrees' does not depend on any axioms
info: StrongPerimetralTurning.lean:9022:0: 'StrongPerimetralTurning.oneStepWeakResidualOccurrence_label_is_final' does not depend on any axioms
info: StrongPerimetralTurning.lean:9023:0: 'StrongPerimetralTurning.oneStepWeakResidualOccurrence_unique' does not depend on any axioms
info: StrongPerimetralTurning.lean:9024:0: 'StrongPerimetralTurning.positiveContinuation_exactlyOne' does not depend on any axioms
info: StrongPerimetralTurning.lean:9025:0: 'StrongPerimetralTurning.finalBoundaryOccurrence' does not depend on any axioms
info: StrongPerimetralTurning.lean:9026:0: 'StrongPerimetralTurning.FinalBoundaryOccurrence.compatibility_is_leaveBoundary' does not depend on any axioms
info: StrongPerimetralTurning.lean:9027:0: 'StrongPerimetralTurning.finalClosureInterpretation' does not depend on any axioms
info: StrongPerimetralTurning.lean:9028:0: 'StrongPerimetralTurning.FinalClosureInterpretation.sourceObstructionIsInitial' does not depend on any axioms
info: StrongPerimetralTurning.lean:9029:0: 'StrongPerimetralTurning.ConstitutiveClosureAttachment.formationRecordIsStepExact' does not depend on any axioms
info: StrongPerimetralTurning.lean:9030:0: 'StrongPerimetralTurning.ConstitutiveClosureAttachment.provenanceRecordIsStepExact' does not depend on any axioms
info: StrongPerimetralTurning.lean:9031:0: 'StrongPerimetralTurning.ConstitutiveClosureAttachment.obstructionIsInitial' does not depend on any axioms
info: StrongPerimetralTurning.lean:9032:0: 'StrongPerimetralTurning.BilateralClosureAttemptAt.explicitContraction' does not depend on any axioms
info: StrongPerimetralTurning.lean:9033:0: 'StrongPerimetralTurning.BilateralClosureAttemptAt.implicitContraction' does not depend on any axioms
info: StrongPerimetralTurning.lean:9034:0: 'StrongPerimetralTurning.BilateralClosureAttemptAt.rejectExplicit' does not depend on any axioms
info: StrongPerimetralTurning.lean:9035:0: 'StrongPerimetralTurning.BilateralClosureAttemptAt.rejectImplicit' does not depend on any axioms
info: StrongPerimetralTurning.lean:9036:0: 'StrongPerimetralTurning.refinementOutcome' does not depend on any axioms
info: StrongPerimetralTurning.lean:9037:0: 'StrongPerimetralTurning.NormativeAdequacy' does not depend on any axioms
info: StrongPerimetralTurning.lean:9038:0: 'StrongPerimetralTurning.AdequateAlong' does not depend on any axioms
info: StrongPerimetralTurning.lean:9039:0: 'StrongPerimetralTurning.SpecRelativeHistoryExit' does not depend on any axioms
info: StrongPerimetralTurning.lean:9040:0: 'StrongPerimetralTurning.RootedGeneratedHistory.terminalClosureObstruction' does not depend on any axioms
info: StrongPerimetralTurning.lean:9041:0: 'StrongPerimetralTurning.RootedGeneratedHistory.terminalClosureObstruction_is_initial' does not depend on any axioms
info: StrongPerimetralTurning.lean:9042:0: 'StrongPerimetralTurning.FinalJunctionRealization.toBilateralContractions' does not depend on any axioms
info: StrongPerimetralTurning.lean:9043:0: 'StrongPerimetralTurning.FinalJunctionRealization.toExplicitContractedClosureDifference' does not depend on any axioms
info: StrongPerimetralTurning.lean:9044:0: 'StrongPerimetralTurning.FinalJunctionRealization.toImplicitContractedClosureDifference' does not depend on any axioms
info: StrongPerimetralTurning.lean:9045:0: 'StrongPerimetralTurning.FinalJunctionRealization.toContractedClosureDifference' does not depend on any axioms
info: StrongPerimetralTurning.lean:9046:0: 'StrongPerimetralTurning.FinalJunctionRealization.endpointEquality' does not depend on any axioms
info: StrongPerimetralTurning.lean:9047:0: 'StrongPerimetralTurning.FinalJunctionRealization.toTotalLoop' does not depend on any axioms
info: StrongPerimetralTurning.lean:9048:0: 'StrongPerimetralTurning.rejectFinalJunctionRealization' does not depend on any axioms
info: StrongPerimetralTurning.lean:9049:0: 'StrongPerimetralTurning.rejectFinalJunctionRealizationImplicit' does not depend on any axioms
info: StrongPerimetralTurning.lean:9050:0: 'StrongPerimetralTurning.circularPositiveResidualBoundary' does not depend on any axioms
info: StrongPerimetralTurning.lean:9051:0: 'StrongPerimetralTurning.analyzeCircularRefinementThroughResidual' does not depend on any axioms
info: StrongPerimetralTurning.lean:9052:0: 'StrongPerimetralTurning.interpretCircularResidual' does not depend on any axioms
info: StrongPerimetralTurning.lean:9053:0: 'StrongPerimetralTurning.circularResidualBranch' does not depend on any axioms
info: StrongPerimetralTurning.lean:9054:0: 'StrongPerimetralTurning.rejectResidualBilateralClosureAttempt' does not depend on any axioms
info: StrongPerimetralTurning.lean:9055:0: 'StrongPerimetralTurning.analyzeCircularRegimeWithResidualAttempt' does not depend on any axioms
info: StrongPerimetralTurning.lean:9056:0: 'StrongPerimetralTurning.perimetralCoreCoupledRegime' does not depend on any axioms
info: StrongPerimetralTurning.lean:9057:0: 'StrongPerimetralTurning.perimetralCoreCoupledInterpretation_occurrence' does not depend on any axioms
info: StrongPerimetralTurning.lean:9058:0: 'StrongPerimetralTurning.perimetralCoreObstructedRegime' does not depend on any axioms
info: StrongPerimetralTurning.lean:9059:0: 'StrongPerimetralTurning.perimetralCoupledRegime' does not depend on any axioms
info: StrongPerimetralTurning.lean:9060:0: 'StrongPerimetralTurning.perimetralObstructedRegime' does not depend on any axioms
info: StrongPerimetralTurning.lean:9061:0: 'StrongPerimetralTurning.oneStepCoreTurning' does not depend on any axioms
info: StrongPerimetralTurning.lean:9062:0: 'StrongPerimetralTurning.oneStepCoreTurning_toPublic' does not depend on any axioms
info: StrongPerimetralTurning.lean:9063:0: 'StrongPerimetralTurning.perimetralCoreCoupledTurning' does not depend on any axioms
info: StrongPerimetralTurning.lean:9064:0: 'StrongPerimetralTurning.historicalCoupledTurningOfCircularPresentation' does not depend on any axioms
info: StrongPerimetralTurning.lean:9065:0: 'StrongPerimetralTurning.coupledTurningOfCircularPresentation' does not depend on any axioms
info: StrongPerimetralTurning.lean:9066:0: 'StrongPerimetralTurning.historicalAbstractTurningOfCircularPresentation' does not depend on any axioms
info: StrongPerimetralTurning.lean:9067:0: 'StrongPerimetralTurning.abstractTurningOfCircularPresentation' does not depend on any axioms
info: StrongPerimetralTurning.lean:9068:0: 'StrongPerimetralTurning.oneStepCoreResidualOccurrence_agrees_with_weak' does not depend on any axioms
info: StrongPerimetralTurning.lean:9069:0: 'StrongPerimetralTurning.oneStepCoreResidualOccurrence_agrees_with_consumedTurning' does not depend on any axioms
info: StrongPerimetralTurning.lean:9070:0: 'StrongPerimetralTurning.oneStepWeakResidualOccurrence_agrees_with_consumedTurning' does not depend on any axioms
info: StrongPerimetralTurning.lean:9071:0: 'StrongPerimetralTurning.strictRefinementProducesFinalJunctionRealization' does not depend on any axioms
info: StrongPerimetralTurning.lean:9072:0: 'StrongPerimetralTurning.FinalLoopRealization.endpointEquality' does not depend on any axioms
info: StrongPerimetralTurning.lean:9073:0: 'StrongPerimetralTurning.FinalLoopRealization.toFinalIdentification' does not depend on any axioms
info: StrongPerimetralTurning.lean:9074:0: 'StrongPerimetralTurning.strictRefinementProducesFinalLoopRealization' does not depend on any axioms
info: StrongPerimetralTurning.lean:9075:0: 'StrongPerimetralTurning.rejectFinalLoopRealization' does not depend on any axioms
info: StrongPerimetralTurning.lean:9076:0: 'StrongPerimetralTurning.CircularRefinement.newOccurrence_cannotReuseNonClosingRequirement' does not depend on any axioms
info: StrongPerimetralTurning.lean:9077:0: 'StrongPerimetralTurning.strictRefinementProducesFinalIdentification' does not depend on any axioms
info: StrongPerimetralTurning.lean:9078:0: 'StrongPerimetralTurning.strictRefinementProducesTotalLoop' does not depend on any axioms
info: StrongPerimetralTurning.lean:9079:0: 'StrongPerimetralTurning.noIntermediateRefinement' does not depend on any axioms
info: StrongPerimetralTurning.lean:9080:0: 'StrongPerimetralTurning.exactCircularRefinementClassification' does not depend on any axioms
info: StrongPerimetralTurning.lean:9081:0: 'StrongPerimetralTurning.oneStepAfterPerimeter_notCircularRefinement' does not depend on any axioms
info: StrongPerimetralTurning.lean:9082:0: 'StrongPerimetralTurning.noStrictSamePerimeterExtension' does not depend on any axioms
info: StrongPerimetralTurning.lean:9083:0: 'StrongPerimetralTurning.admissible_is_prefix_of_perimeter' does not depend on any axioms
info: StrongPerimetralTurning.lean:9084:0: 'StrongPerimetralTurning.strongPerimetralTurning' does not depend on any axioms
info: StrongPerimetralTurning.lean:9085:0: 'StrongPerimetralTurning.partial_length_le_perimeter' does not depend on any axioms
info: StrongPerimetralTurning.lean:9086:0: 'StrongPerimetralTurning.prefix_length_le' does not depend on any axioms
info: StrongPerimetralTurning.lean:9087:0: 'StrongPerimetralTurning.History.length_append' does not depend on any axioms
info: StrongPerimetralTurning.lean:9088:0: 'StrongPerimetralTurning.History.OccurrenceReadout' does not depend on any axioms
info: StrongPerimetralTurning.lean:9089:0: 'StrongPerimetralTurning.perimeterReadout' does not depend on any axioms
info: StrongPerimetralTurning.lean:9090:0: 'StrongPerimetralTurning.occurrenceReadoutOfPerimeter' does not depend on any axioms
info: StrongPerimetralTurning.lean:9091:0: 'StrongPerimetralTurning.occurrenceReadoutOfPerimeter_perimeterReadout' does not depend on any axioms
info: StrongPerimetralTurning.lean:9092:0: 'StrongPerimetralTurning.perimeterReadout_occurrenceReadoutOfPerimeter' does not depend on any axioms
info: StrongPerimetralTurning.lean:9093:0: 'StrongPerimetralTurning.admissible_length_le_perimeter' does not depend on any axioms
info: StrongPerimetralTurning.lean:9094:0: 'StrongPerimetralTurning.ConcreteContinuationAlgebra.realizeHistory' does not depend on any axioms
info: StrongPerimetralTurning.lean:9095:0: 'StrongPerimetralTurning.concreteForwardOccurrence' does not depend on any axioms
info: StrongPerimetralTurning.lean:9096:0: 'StrongPerimetralTurning.concreteBackwardOccurrence' does not depend on any axioms
info: StrongPerimetralTurning.lean:9097:0: 'StrongPerimetralTurning.concreteOccurrenceAgreement' does not depend on any axioms
info: StrongPerimetralTurning.lean:9098:0: 'StrongPerimetralTurning.exactlyInterpretHistory' does not depend on any axioms
info: StrongPerimetralTurning.lean:9099:0: 'StrongPerimetralTurning.ExactHistoryInterpretation.forwardOccurrence_injective' does not depend on any axioms
info: StrongPerimetralTurning.lean:9100:0: 'StrongPerimetralTurning.ExactHistoryInterpretation.pullbackReadout' does not depend on any axioms
info: StrongPerimetralTurning.lean:9101:0: 'StrongPerimetralTurning.ExactHistoryInterpretation.pushforwardReadout' does not depend on any axioms
info: StrongPerimetralTurning.lean:9102:0: 'StrongPerimetralTurning.ExactHistoryInterpretation.pullbackReadout_pushforwardReadout' does not depend on any axioms
info: StrongPerimetralTurning.lean:9103:0: 'StrongPerimetralTurning.ExactHistoryInterpretation.pushforwardReadout_pullbackReadout' does not depend on any axioms
info: StrongPerimetralTurning.lean:9104:0: 'StrongPerimetralTurning.ConcreteFaithfulPartialPath.reconstruct' does not depend on any axioms
info: StrongPerimetralTurning.lean:9105:0: 'StrongPerimetralTurning.interpretEveryFaithfulPartialRealization' does not depend on any axioms
info: StrongPerimetralTurning.lean:9106:0: 'StrongPerimetralTurning.Example.permutedExampleTrace' does not depend on any axioms
info: StrongPerimetralTurning.lean:9107:0: 'StrongPerimetralTurning.Example.permutedExampleRealization' does not depend on any axioms
info: StrongPerimetralTurning.lean:9108:0: 'StrongPerimetralTurning.Example.permutedExample_realizes_p1_at_one' does not depend on any axioms
info: StrongPerimetralTurning.lean:9109:0: 'StrongPerimetralTurning.Example.permutedExample_realizes_p2_at_zero' does not depend on any axioms
info: StrongPerimetralTurning.lean:9110:0: 'StrongPerimetralTurning.Example.permutedExample_realizes_p3_at_two' does not depend on any axioms
info: StrongPerimetralTurning.lean:9111:0: 'StrongPerimetralTurning.Example.permutedExample_reverses_first_two' does not depend on any axioms
info: StrongPerimetralTurning.lean:9112:0: 'StrongPerimetralTurning.Example.exampleP1_precedes_exampleP2' does not depend on any axioms
info: StrongPerimetralTurning.lean:9113:0: 'StrongPerimetralTurning.Example.permutedExample_not_order_preserved' does not depend on any axioms
info: StrongPerimetralTurning.lean:9114:0: 'StrongPerimetralTurning.Example.exampleExtra1Source' does not depend on any axioms
info: StrongPerimetralTurning.lean:9115:0: 'StrongPerimetralTurning.Example.exampleExtra1' does not depend on any axioms
info: StrongPerimetralTurning.lean:9116:0: 'StrongPerimetralTurning.Example.exampleExtra2Source' does not depend on any axioms
info: StrongPerimetralTurning.lean:9117:0: 'StrongPerimetralTurning.Example.exampleExtra2' does not depend on any axioms
info: StrongPerimetralTurning.lean:9118:0: 'StrongPerimetralTurning.Example.interleavedExampleTrace' does not depend on any axioms
info: StrongPerimetralTurning.lean:9119:0: 'StrongPerimetralTurning.Example.interleavedExampleRealization' does not depend on any axioms
info: StrongPerimetralTurning.lean:9120:0: 'StrongPerimetralTurning.Example.interleavedExample_realizes_p1_at_zero' does not depend on any axioms
info: StrongPerimetralTurning.lean:9121:0: 'StrongPerimetralTurning.Example.interleavedExample_realizes_p2_at_two' does not depend on any axioms
info: StrongPerimetralTurning.lean:9122:0: 'StrongPerimetralTurning.Example.interleavedExample_realizes_p3_at_four' does not depend on any axioms
info: StrongPerimetralTurning.lean:9123:0: 'StrongPerimetralTurning.Example.interleavedExample_order_preserved' does not depend on any axioms
info: StrongPerimetralTurning.lean:9124:0: 'StrongPerimetralTurning.Example.exampleCertificate' does not depend on any axioms
info: StrongPerimetralTurning.lean:9125:0: 'StrongPerimetralTurning.Example.exampleBeyondIsNotSamePerimeter' does not depend on any axioms
info: StrongPerimetralTurning.lean:9126:0: 'StrongPerimetralTurning.Example.exampleConcreteFirstPath' does not depend on any axioms
info: StrongPerimetralTurning.lean:9127:0: 'StrongPerimetralTurning.Example.exampleConcreteFirstRealization' does not depend on any axioms
info: StrongPerimetralTurning.lean:9128:0: 'StrongPerimetralTurning.Example.exampleConcreteInterpretation' does not depend on any axioms
info: StrongPerimetralTurning.lean:9129:0: 'StrongPerimetralTurning.Example.exampleFreshFormationRejectsPreviousRecord' does not depend on any axioms
info: StrongPerimetralTurning.lean:9130:0: 'StrongPerimetralTurning.Example.exampleHistoricalFirstProvenancePreserved' does not depend on any axioms
info: StrongPerimetralTurning.lean:9131:0: 'StrongPerimetralTurning.Example.exampleHistoricalRecordReadsFirst' does not depend on any axioms
info: StrongPerimetralTurning.lean:9132:0: 'StrongPerimetralTurning.Example.exampleCurrentTargetReadsSecond' does not depend on any axioms
info: StrongPerimetralTurning.lean:9133:0: 'StrongPerimetralTurning.Example.exampleHistoricalRecordAfterSecondStillReadsFirst' does not depend on any axioms
info: StrongPerimetralTurning.lean:9134:0: 'StrongPerimetralTurning.Example.exampleInitialObstructionStored' does not depend on any axioms
info: StrongPerimetralTurning.lean:9135:0: 'StrongPerimetralTurning.Example.exampleAfterFirstObstructionPreserved' does not depend on any axioms
info: StrongPerimetralTurning.lean:9136:0: 'StrongPerimetralTurning.Example.exampleFormationConsumesInitialObstruction' does not depend on any axioms
info: StrongPerimetralTurning.lean:9137:0: 'StrongPerimetralTurning.Example.exampleIntegratedProvenanceStored' does not depend on any axioms
info: StrongPerimetralTurning.lean:9138:0: 'StrongPerimetralTurning.Example.exampleRecoveredAfterFirstReadsStoredProvenance' does not depend on any axioms
info: StrongPerimetralTurning.lean:9139:0: 'StrongPerimetralTurning.Example.exampleRawFinalJunctionCompatibility' does not depend on any axioms
info: StrongPerimetralTurning.lean:9140:0: 'StrongPerimetralTurning.Example.exampleRawJunctionWithSeparatedEndpoints' does not depend on any axioms
info: StrongPerimetralTurning.lean:9141:0: 'StrongPerimetralTurning.Example.exampleFinalBoundaryOccurrence' does not depend on any axioms
info: StrongPerimetralTurning.lean:9142:0: 'StrongPerimetralTurning.Example.exampleFinalClosureInterpretation' does not depend on any axioms
info: StrongPerimetralTurning.lean:9143:0: 'StrongPerimetralTurning.Example.exampleActualFreeStep_source_is_fourth' does not depend on any axioms
info: StrongPerimetralTurning.lean:9144:0: 'StrongPerimetralTurning.Example.exampleActualFreeStep_target_is_beyondFirst' does not depend on any axioms
info: StrongPerimetralTurning.lean:9145:0: 'StrongPerimetralTurning.Example.exampleActualFreeStep_is_leaveBoundary' does not depend on any axioms
info: StrongPerimetralTurning.lean:9146:0: 'StrongPerimetralTurning.Example.exampleInvokedJunction_is_fourthToFirst' does not depend on any axioms
info: StrongPerimetralTurning.lean:9147:0: 'StrongPerimetralTurning.Example.exampleFinalObstruction_is_initial' does not depend on any axioms
info: StrongPerimetralTurning.lean:9148:0: 'StrongPerimetralTurning.Example.exampleFinalProvenance_is_origin' does not depend on any axioms
info: StrongPerimetralTurning.lean:9149:0: 'StrongPerimetralTurning.Example.exampleFinalFormationRecord_is_current' does not depend on any axioms
info: StrongPerimetralTurning.lean:9150:0: 'StrongPerimetralTurning.Example.exampleNoBilateralClosureAttemptAt' does not depend on any axioms
info: StrongPerimetralTurning.lean:9151:0: 'StrongPerimetralTurning.Example.exampleNoImplicitBilateralClosureAttemptAt' does not depend on any axioms
info: StrongPerimetralTurning.lean:9152:0: 'StrongPerimetralTurning.ExactConcreteRealization' does not depend on any axioms
info: StrongPerimetralTurning.lean:9153:0: 'StrongPerimetralTurning.ConcreteRegimeExit' does not depend on any axioms
info: StrongPerimetralTurning.lean:9154:0: 'StrongPerimetralTurning.PerimetralRegimeExit' does not depend on any axioms
info: StrongPerimetralTurning.lean:9155:0: 'StrongPerimetralTurning.PerimetralRegimeExit.toRegimeExit' does not depend on any axioms
info: StrongPerimetralTurning.lean:9156:0: 'StrongPerimetralTurning.UniformConcreteRegimeExit' does not depend on any axioms
info: StrongPerimetralTurning.lean:9157:0: 'StrongPerimetralTurning.UniformPerimetralRegimeExit' does not depend on any axioms
info: StrongPerimetralTurning.lean:9158:0: 'StrongPerimetralTurning.UniformPerimetralRegimeExit.toUniformRegimeExit' does not depend on any axioms
info: StrongPerimetralTurning.lean:9159:0: 'StrongPerimetralTurning.UniformPerimetralRegimeExit.atImplementation' does not depend on any axioms
info: StrongPerimetralTurning.lean:9160:0: 'StrongPerimetralTurning.UniformPerimetralRegimeExit.at_forget' does not depend on any axioms
info: StrongPerimetralTurning.lean:9161:0: 'StrongPerimetralTurning.UniformPerimetralRegimeExit.at_forget_named' does not depend on any axioms
info: StrongPerimetralTurning.lean:9162:0: 'StrongPerimetralTurning.oneStepUniformPerimetralRegimeExit' does not depend on any axioms
info: StrongPerimetralTurning.lean:9163:0: 'StrongPerimetralTurning.oneStepPerimetralRegimeExit' does not depend on any axioms
info: StrongPerimetralTurning.lean:9164:0: 'StrongPerimetralTurning.oneStepConcreteRegimeExit' does not depend on any axioms
info: StrongPerimetralTurning.lean:9165:0: 'StrongPerimetralTurning.HistoryAlignmentSpec' does not depend on any axioms
info: StrongPerimetralTurning.lean:9166:0: 'StrongPerimetralTurning.circularNormativeAdequacy' does not depend on any axioms
info: StrongPerimetralTurning.lean:9167:0: 'StrongPerimetralTurning.circularRefinement_adequateAlong' does not depend on any axioms
info: StrongPerimetralTurning.lean:9168:0: 'StrongPerimetralTurning.oneStepSpecRelativeHistoryExit' does not depend on any axioms
info: StrongPerimetralTurning.lean:9169:0: 'StrongPerimetralTurning.oneStepSpecRelativeHistoryExit_notSpecification' does not depend on any axioms
info: StrongPerimetralTurning.lean:9171:0: 'StrongPerimetralTurning.NonClosingNext' does not depend on any axioms
info: StrongPerimetralTurning.lean:9172:0: 'StrongPerimetralTurning.NonClosingNext.target_eq_source' does not depend on any axioms
info: StrongPerimetralTurning.lean:9173:0: 'StrongPerimetralTurning.generatedHistory_equalEndpoints_noOccurrence' does not depend on any axioms
info: StrongPerimetralTurning.lean:9174:0: 'StrongPerimetralTurning.SemanticTrace.Between' does not depend on any axioms
info: StrongPerimetralTurning.lean:9175:0: 'StrongPerimetralTurning.ExactSemanticBridgeSegment' does not depend on any axioms
info: StrongPerimetralTurning.lean:9176:0: 'StrongPerimetralTurning.EffectiveConstitutiveBridge' does not depend on any axioms
info: StrongPerimetralTurning.lean:9177:0: 'StrongPerimetralTurning.bridgeParticipation_between_empty_of_next' does not depend on any axioms
info: StrongPerimetralTurning.lean:9178:0: 'StrongPerimetralTurning.effectiveBridge_between_empty_of_next' does not depend on any axioms
info: StrongPerimetralTurning.lean:9179:0: 'StrongPerimetralTurning.Example.exampleP1_next_exampleP2' does not depend on any axioms
info: StrongPerimetralTurning.lean:9180:0: 'StrongPerimetralTurning.Example.exampleP2_next_exampleP3' does not depend on any axioms
info: StrongPerimetralTurning.lean:9181:0: 'StrongPerimetralTurning.Example.interleavedExample_extra1_between' does not depend on any axioms
info: StrongPerimetralTurning.lean:9182:0: 'StrongPerimetralTurning.Example.interleavedExample_extra2_between' does not depend on any axioms
info: StrongPerimetralTurning.lean:9183:0: 'StrongPerimetralTurning.Example.interleavedExample_no_effective_bridge_p1_p2' does not depend on any axioms
info: StrongPerimetralTurning.lean:9184:0: 'StrongPerimetralTurning.Example.interleavedExample_no_effective_bridge_p2_p3' does not depend on any axioms
info: StrongPerimetralTurning.lean:9186:0: 'StrongPerimetralTurning.History.OccurrencePrecedes' does not depend on any axioms
info: StrongPerimetralTurning.lean:9187:0: 'StrongPerimetralTurning.History.OccurrenceNext' does not depend on any axioms
info: StrongPerimetralTurning.lean:9188:0: 'StrongPerimetralTurning.History.OccurrenceNext.toPrecedes' does not depend on any axioms
info: StrongPerimetralTurning.lean:9189:0: 'StrongPerimetralTurning.History.OccurrencePrecedes.ne' does not depend on any axioms
info: StrongPerimetralTurning.lean:9190:0: 'StrongPerimetralTurning.History.OccurrencePrecedes.trichotomy' does not depend on any axioms
info: StrongPerimetralTurning.lean:9191:0: 'StrongPerimetralTurning.CursorReach.trans' does not depend on any axioms
info: StrongPerimetralTurning.lean:9192:0: 'StrongPerimetralTurning.CursorFuture.transReach' does not depend on any axioms
info: StrongPerimetralTurning.lean:9193:0: 'StrongPerimetralTurning.occurrenceSource_to_historyEndpoint_future' does not depend on any axioms
info: StrongPerimetralTurning.lean:9194:0: 'StrongPerimetralTurning.occurrenceTarget_to_historyEndpoint_reach' does not depend on any axioms
info: StrongPerimetralTurning.lean:9195:0: 'StrongPerimetralTurning.History.OccurrencePrecedes.sourceCursorFuture' does not depend on any axioms
info: StrongPerimetralTurning.lean:9196:0: 'StrongPerimetralTurning.History.OccurrencePrecedes.next_or_positiveGap' does not depend on any axioms
info: StrongPerimetralTurning.lean:9197:0: 'StrongPerimetralTurning.NonClosingPrecedes.ne' does not depend on any axioms
info: StrongPerimetralTurning.lean:9198:0: 'StrongPerimetralTurning.NonClosingNext.toPrecedes' does not depend on any axioms
info: StrongPerimetralTurning.lean:9199:0: 'StrongPerimetralTurning.positionSourceCursorReach' does not depend on any axioms
info: StrongPerimetralTurning.lean:9200:0: 'StrongPerimetralTurning.NonClosingPrecedes.sourceCursorFuture' does not depend on any axioms
info: StrongPerimetralTurning.lean:9201:0: 'StrongPerimetralTurning.ExactNonClosingRealization.realize_injective' does not depend on any axioms
info: StrongPerimetralTurning.lean:9202:0: 'StrongPerimetralTurning.ExactNonClosingRealization.preservesPrecedence' does not depend on any axioms
info: StrongPerimetralTurning.lean:9203:0: 'StrongPerimetralTurning.ExactNonClosingRealization.preservesNext' does not depend on any axioms
info: StrongPerimetralTurning.lean:9204:0: 'StrongPerimetralTurning.ExactNonClosingRealization.embedPerimeterOccurrence' does not depend on any axioms
info: StrongPerimetralTurning.lean:9205:0: 'StrongPerimetralTurning.ExactNonClosingRealization.embedPerimeterOccurrence_locatedStep' does not depend on any axioms
info: StrongPerimetralTurning.lean:9206:0: 'StrongPerimetralTurning.ExactNonClosingRealization.embedPerimeterOccurrence_injective' does not depend on any axioms
info: StrongPerimetralTurning.lean:9207:0: 'StrongPerimetralTurning.History.factorInitialGeneratedStep' does not depend on any axioms
info: StrongPerimetralTurning.lean:9208:0: 'StrongPerimetralTurning.History.extractRightOccurrenceAfterSingle' does not depend on any axioms
info: StrongPerimetralTurning.lean:9209:0: 'StrongPerimetralTurning.factorDeployRemainingFromExactOccurrences' does not depend on any axioms
info: StrongPerimetralTurning.lean:9210:0: 'StrongPerimetralTurning.ExactNonClosingRealization.toPerimeterExtension' does not depend on any axioms
info: StrongPerimetralTurning.lean:9211:0: 'StrongPerimetralTurning.CircularSpecificationSatisfaction.eq_perimeter' does not depend on any axioms
info: StrongPerimetralTurning.lean:9212:0: 'StrongPerimetralTurning.circularSpecification_complete' does not depend on any axioms
info: StrongPerimetralTurning.lean:9213:0: 'StrongPerimetralTurning.circularRefinement_soundSpecification' does not depend on any axioms
Build completed successfully (5 jobs).
