'PositiveFoundationReferee.node' does not depend on any axioms
'PositiveFoundationReferee.circle' does not depend on any axioms
'PositiveFoundationReferee.collapsedEndpoints' does not depend on any axioms
'PositiveFoundationReferee.identifiedEndpoints' does not depend on any axioms
'PositiveFoundationReferee.noRejectionOnCollapsedEndpoints' does not depend on any axioms
'PositiveFoundationReferee.repeatedRawNode' does not depend on any axioms
'PositiveFoundationReferee.flip' does not depend on any axioms
'PositiveFoundationReferee.flipChangesChosenWitness' does not depend on any axioms
'PositiveFoundationReferee.boolBoundary' does not depend on any axioms
'PositiveFoundationReferee.flipAll' does not depend on any axioms
'PositiveFoundationReferee.inverseAllIndices' does not depend on any axioms
'PositiveFoundationReferee.compositeSelectedWitnesses' does not depend on any axioms
'PositiveFoundationReferee.inverseRole' does not depend on any axioms
'PositiveFoundationReferee.roleProvenanceIsMapped' does not depend on any axioms
'PositiveFoundationReferee.swapClosingOnly' does not depend on any axioms
'PositiveFoundationReferee.swapProvenanceOnly' does not depend on any axioms
'PositiveFoundationReferee.closingSwapCannotEnrich' does not depend on any axioms
'PositiveFoundationReferee.provenanceSwapCannotEnrich' does not depend on any axioms
'PositiveFoundationReferee.legacyReconstructs' does not depend on any axioms
'PositiveFoundationReferee.extractedBoundaryReadsExactData' does not depend on any axioms
'PositiveFoundationReferee.bareRoleAcrossBoundaries' does not depend on any axioms
'PositiveFoundationReferee.bareRoleDoesNotSupplyClosingPreservation' does not depend on any axioms
