ℹ [2/9] Replayed RelationalPerimeter.Constitution.Primitives
info: RelationalPerimeter/Constitution/Primitives.lean:212:0: 'StrongPerimetralTurning.LocalNode' does not depend on any axioms
info: RelationalPerimeter/Constitution/Primitives.lean:213:0: 'StrongPerimetralTurning.PerimeterSpine' does not depend on any axioms
info: RelationalPerimeter/Constitution/Primitives.lean:214:0: 'StrongPerimetralTurning.PerimeterSpine.startNode' does not depend on any axioms
info: RelationalPerimeter/Constitution/Primitives.lean:215:0: 'StrongPerimetralTurning.PerimeterSpine.finalNode' does not depend on any axioms
info: RelationalPerimeter/Constitution/Primitives.lean:216:0: 'StrongPerimetralTurning.NonClosingPosition' does not depend on any axioms
info: RelationalPerimeter/Constitution/Primitives.lean:217:0: 'StrongPerimetralTurning.NonClosingPrecedes' does not depend on any axioms
info: RelationalPerimeter/Constitution/Primitives.lean:218:0: 'StrongPerimetralTurning.NonClosingNext' does not depend on any axioms
info: RelationalPerimeter/Constitution/Primitives.lean:219:0: 'StrongPerimetralTurning.NonClosingPrecedes.ne' does not depend on any axioms
info: RelationalPerimeter/Constitution/Primitives.lean:220:0: 'StrongPerimetralTurning.NonClosingNext.toPrecedes' does not depend on any axioms
ℹ [3/9] Replayed RelationalPerimeter.Constitution.PositivePresentation
info: RelationalPerimeter/Constitution/PositivePresentation.lean:79:0: 'StrongPerimetralTurning.PositiveCircularPresentation' does not depend on any axioms
info: RelationalPerimeter/Constitution/PositivePresentation.lean:80:0: 'StrongPerimetralTurning.EndpointBoundary' does not depend on any axioms
info: RelationalPerimeter/Constitution/PositivePresentation.lean:81:0: 'StrongPerimetralTurning.CircularClosureObstruction' does not depend on any axioms
info: RelationalPerimeter/Constitution/PositivePresentation.lean:82:0: 'StrongPerimetralTurning.CircularClosureObstruction.rejectTotalLoop' does not depend on any axioms
info: RelationalPerimeter/Constitution/PositivePresentation.lean:83:0: 'StrongPerimetralTurning.CircularClosureObstruction.endpointsSeparated' does not depend on any axioms
info: RelationalPerimeter/Constitution/PositivePresentation.lean:84:0: 'StrongPerimetralTurning.CircularClosureObstruction.noObstructionOfIdentifiedEndpoints' does not depend on any axioms
ℹ [4/9] Replayed ExactTypeTransport
info: ExactTypeTransport.lean:120:0: 'ExactTypeTransport' does not depend on any axioms
info: ExactTypeTransport.lean:121:0: 'ExactTypeTransport.reflexive' does not depend on any axioms
info: ExactTypeTransport.lean:122:0: 'ExactTypeTransport.ofEquality' does not depend on any axioms
info: ExactTypeTransport.lean:123:0: 'ExactTypeTransport.reverse' does not depend on any axioms
info: ExactTypeTransport.lean:124:0: 'ExactTypeTransport.compose' does not depend on any axioms
info: ExactTypeTransport.lean:125:0: 'ExactTypeTransport.sumUnit' does not depend on any axioms
info: ExactTypeTransport.lean:126:0: 'ExactTypeTransport.backward_eq_of_forward_eq' does not depend on any axioms
ℹ [5/9] Replayed RelationalPerimeter.Constitution.BoundaryTransport
info: RelationalPerimeter/Constitution/BoundaryTransport.lean:291:0: 'RelationalPerimeter.Constitution.ConstitutiveBoundary' does not depend on any axioms
info: RelationalPerimeter/Constitution/BoundaryTransport.lean:292:0: 'RelationalPerimeter.Constitution.closingBoundary' does not depend on any axioms
info: RelationalPerimeter/Constitution/BoundaryTransport.lean:293:0: 'RelationalPerimeter.Constitution.BoundaryCarrierTransport' does not depend on any axioms
info: RelationalPerimeter/Constitution/BoundaryTransport.lean:294:0: 'RelationalPerimeter.Constitution.BoundaryTransport' does not depend on any axioms
info: RelationalPerimeter/Constitution/BoundaryTransport.lean:295:0: 'RelationalPerimeter.Constitution.BoundaryTransport.identity' does not depend on any axioms
info: RelationalPerimeter/Constitution/BoundaryTransport.lean:296:0: 'RelationalPerimeter.Constitution.BoundaryTransport.reverse' does not depend on any axioms
info: RelationalPerimeter/Constitution/BoundaryTransport.lean:297:0: 'RelationalPerimeter.Constitution.BoundaryTransport.compose' does not depend on any axioms
info: RelationalPerimeter/Constitution/BoundaryTransport.lean:298:0: 'RelationalPerimeter.Constitution.BoundaryTransport.ForwardAgreement' does not depend on any axioms
info: RelationalPerimeter/Constitution/BoundaryTransport.lean:299:0: 'RelationalPerimeter.Constitution.BoundaryTransport.identity_left' does not depend on any axioms
info: RelationalPerimeter/Constitution/BoundaryTransport.lean:300:0: 'RelationalPerimeter.Constitution.BoundaryTransport.identity_right' does not depend on any axioms
info: RelationalPerimeter/Constitution/BoundaryTransport.lean:301:0: 'RelationalPerimeter.Constitution.BoundaryTransport.compose_associative' does not depend on any axioms
info: RelationalPerimeter/Constitution/BoundaryTransport.lean:302:0: 'RelationalPerimeter.Constitution.BoundaryTransport.reverse_left' does not depend on any axioms
info: RelationalPerimeter/Constitution/BoundaryTransport.lean:303:0: 'RelationalPerimeter.Constitution.BoundaryTransport.reverse_right' does not depend on any axioms
info: RelationalPerimeter/Constitution/BoundaryTransport.lean:304:0: 'RelationalPerimeter.Constitution.BoundaryTransport.reverse_reverse' does not depend on any axioms
info: RelationalPerimeter/Constitution/BoundaryTransport.lean:305:0: 'RelationalPerimeter.Constitution.BoundaryTransport.reverse_compose' does not depend on any axioms
info: RelationalPerimeter/Constitution/BoundaryTransport.lean:306:0: 'RelationalPerimeter.Constitution.BoundaryTransport.BackwardAgreement' does not depend on any axioms
info: RelationalPerimeter/Constitution/BoundaryTransport.lean:307:0: 'RelationalPerimeter.Constitution.BoundaryTransport.backward_of_forward' does not depend on any axioms
info: RelationalPerimeter/Constitution/BoundaryTransport.lean:308:0: 'RelationalPerimeter.Constitution.BoundaryTransport.exists_identity' does not depend on any axioms
info: RelationalPerimeter/Constitution/BoundaryTransport.lean:309:0: 'RelationalPerimeter.Constitution.BoundaryTransport.exists_reverse' does not depend on any axioms
info: RelationalPerimeter/Constitution/BoundaryTransport.lean:310:0: 'RelationalPerimeter.Constitution.BoundaryTransport.exists_compose' does not depend on any axioms
info: RelationalPerimeter/Constitution/BoundaryTransport.lean:311:0: 'RelationalPerimeter.Constitution.EquippedFinalRole' does not depend on any axioms
info: RelationalPerimeter/Constitution/BoundaryTransport.lean:312:0: 'RelationalPerimeter.Constitution.EquippedFinalRole.ext' does not depend on any axioms
info: RelationalPerimeter/Constitution/BoundaryTransport.lean:313:0: 'RelationalPerimeter.Constitution.EquippedFinalRole.unique' does not depend on any axioms
info: RelationalPerimeter/Constitution/BoundaryTransport.lean:314:0: 'RelationalPerimeter.Constitution.EquippedFinalRole.canonical' does not depend on any axioms
info: RelationalPerimeter/Constitution/BoundaryTransport.lean:315:0: 'RelationalPerimeter.Constitution.EquippedFinalRole.source' does not depend on any axioms
info: RelationalPerimeter/Constitution/BoundaryTransport.lean:316:0: 'RelationalPerimeter.Constitution.EquippedFinalRole.target' does not depend on any axioms
info: RelationalPerimeter/Constitution/BoundaryTransport.lean:317:0: 'RelationalPerimeter.Constitution.EquippedFinalRole.provenance' does not depend on any axioms
info: RelationalPerimeter/Constitution/BoundaryTransport.lean:318:0: 'RelationalPerimeter.Constitution.EquippedFinalRole.transport' does not depend on any axioms
info: RelationalPerimeter/Constitution/BoundaryTransport.lean:319:0: 'RelationalPerimeter.Constitution.EquippedFinalRole.source_preserved' does not depend on any axioms
info: RelationalPerimeter/Constitution/BoundaryTransport.lean:320:0: 'RelationalPerimeter.Constitution.EquippedFinalRole.target_preserved' does not depend on any axioms
info: RelationalPerimeter/Constitution/BoundaryTransport.lean:321:0: 'RelationalPerimeter.Constitution.EquippedFinalRole.provenance_preserved' does not depend on any axioms
info: RelationalPerimeter/Constitution/BoundaryTransport.lean:322:0: 'RelationalPerimeter.Constitution.EquippedFinalRole.transport_identity' does not depend on any axioms
info: RelationalPerimeter/Constitution/BoundaryTransport.lean:323:0: 'RelationalPerimeter.Constitution.EquippedFinalRole.transport_compose' does not depend on any axioms
info: RelationalPerimeter/Constitution/BoundaryTransport.lean:324:0: 'RelationalPerimeter.Constitution.EquippedFinalRole.transport_reverse' does not depend on any axioms
info: RelationalPerimeter/Constitution/BoundaryTransport.lean:325:0: 'RelationalPerimeter.Constitution.EquippedFinalRole.transport_reverse_right' does not depend on any axioms
info: RelationalPerimeter/Constitution/BoundaryTransport.lean:326:0: 'RelationalPerimeter.Constitution.EquippedFinalRole.exactTransport' does not depend on any axioms
ℹ [6/9] Replayed RelationalPerimeter.Constitution.ClosingBoundary
info: RelationalPerimeter/Constitution/ClosingBoundary.lean:147:0: 'RelationalPerimeter.Constitution.ClosingBoundaryShape' does not depend on any axioms
info: RelationalPerimeter/Constitution/ClosingBoundary.lean:148:0: 'RelationalPerimeter.Constitution.ClosingWitness' does not depend on any axioms
info: RelationalPerimeter/Constitution/ClosingBoundary.lean:149:0: 'RelationalPerimeter.Constitution.PointedClosingBoundary' does not depend on any axioms
info: RelationalPerimeter/Constitution/ClosingBoundary.lean:150:0: 'RelationalPerimeter.Constitution.ClosingBoundaryShape.point' does not depend on any axioms
info: RelationalPerimeter/Constitution/ClosingBoundary.lean:151:0: 'RelationalPerimeter.Constitution.ClosingBoundaryShape.pointingTransport' does not depend on any axioms
info: RelationalPerimeter/Constitution/ClosingBoundary.lean:152:0: 'RelationalPerimeter.Constitution.ClosingBoundaryShape.nonempty_pointed_iff' does not depend on any axioms
info: RelationalPerimeter/Constitution/ClosingBoundary.lean:153:0: 'RelationalPerimeter.Constitution.ClosingBoundaryShape.noPointingOfEmpty' does not depend on any axioms
info: RelationalPerimeter/Constitution/ClosingBoundary.lean:154:0: 'RelationalPerimeter.Constitution.ConstitutiveBoundary.toClosingBoundaryShape' does not depend on any axioms
info: RelationalPerimeter/Constitution/ClosingBoundary.lean:155:0: 'RelationalPerimeter.Constitution.ConstitutiveBoundary.toPointedClosingBoundary' does not depend on any axioms
info: RelationalPerimeter/Constitution/ClosingBoundary.lean:156:0: 'RelationalPerimeter.Constitution.ConstitutiveBoundary.shape_fibre_nonempty' does not depend on any axioms
info: RelationalPerimeter/Constitution/ClosingBoundary.lean:157:0: 'RelationalPerimeter.Constitution.PointedClosingBoundary.toConstitutiveBoundary' does not depend on any axioms
info: RelationalPerimeter/Constitution/ClosingBoundary.lean:158:0: 'RelationalPerimeter.Constitution.PointedClosingBoundary.shape_roundTrip' does not depend on any axioms
info: RelationalPerimeter/Constitution/ClosingBoundary.lean:159:0: 'RelationalPerimeter.Constitution.PointedClosingBoundary.pointing_roundTrip' does not depend on any axioms
info: RelationalPerimeter/Constitution/ClosingBoundary.lean:160:0: 'RelationalPerimeter.Constitution.PointedClosingBoundary.FinalRole' does not depend on any axioms
info: RelationalPerimeter/Constitution/ClosingBoundary.lean:161:0: 'RelationalPerimeter.Constitution.PointedClosingBoundary.finalRole' does not depend on any axioms
info: RelationalPerimeter/Constitution/ClosingBoundary.lean:162:0: 'RelationalPerimeter.Constitution.PointedClosingBoundary.finalRole_unique' does not depend on any axioms
info: RelationalPerimeter/Constitution/ClosingBoundary.lean:163:0: 'RelationalPerimeter.Constitution.PointedClosingBoundary.finalRole_junction' does not depend on any axioms
info: RelationalPerimeter/Constitution/ClosingBoundary.lean:164:0: 'RelationalPerimeter.Constitution.ConstitutiveBoundary.boundary_roundTrip' does not depend on any axioms
info: RelationalPerimeter/Constitution/ClosingBoundary.lean:165:0: 'RelationalPerimeter.Constitution.ClosingBoundaryShape.nonempty_finalRole_iff' does not depend on any axioms
info: RelationalPerimeter/Constitution/ClosingBoundary.lean:166:0: 'RelationalPerimeter.Constitution.ClosingBoundaryShape.noFinalRoleOfEmpty' does not depend on any axioms
ℹ [7/9] Replayed RelationalPerimeter.Constitution.PositiveGeneration
info: RelationalPerimeter/Constitution/PositiveGeneration.lean:285:0: 'StrongPerimetralTurning.SuccessiveLink' does not depend on any axioms
info: RelationalPerimeter/Constitution/PositiveGeneration.lean:286:0: 'StrongPerimetralTurning.PerimeterSpine.append' does not depend on any axioms
info: RelationalPerimeter/Constitution/PositiveGeneration.lean:287:0: 'StrongPerimetralTurning.PerimeterSpine.appendAlong' does not depend on any axioms
info: RelationalPerimeter/Constitution/PositiveGeneration.lean:288:0: 'StrongPerimetralTurning.PerimeterSpine.append_finalNode' does not depend on any axioms
info: RelationalPerimeter/Constitution/PositiveGeneration.lean:289:0: 'StrongPerimetralTurning.PerimeterSpine.linkAt' does not depend on any axioms
info: RelationalPerimeter/Constitution/PositiveGeneration.lean:290:0: 'RelationalPerimeter.Constitution.PositiveFormation' does not depend on any axioms
info: RelationalPerimeter/Constitution/PositiveGeneration.lean:291:0: 'RelationalPerimeter.Constitution.PositiveFormation.link' does not depend on any axioms
info: RelationalPerimeter/Constitution/PositiveGeneration.lean:292:0: 'RelationalPerimeter.Constitution.PositiveHistory' does not depend on any axioms
info: RelationalPerimeter/Constitution/PositiveGeneration.lean:293:0: 'RelationalPerimeter.Constitution.PositiveHistory.append' does not depend on any axioms
info: RelationalPerimeter/Constitution/PositiveGeneration.lean:294:0: 'RelationalPerimeter.Constitution.PositiveHistory.nil_append' does not depend on any axioms
info: RelationalPerimeter/Constitution/PositiveGeneration.lean:295:0: 'RelationalPerimeter.Constitution.PositiveHistory.append_nil' does not depend on any axioms
info: RelationalPerimeter/Constitution/PositiveGeneration.lean:296:0: 'RelationalPerimeter.Constitution.PositiveHistory.append_associative' does not depend on any axioms
info: RelationalPerimeter/Constitution/PositiveGeneration.lean:297:0: 'RelationalPerimeter.Constitution.PositiveHistory.deploy' does not depend on any axioms
info: RelationalPerimeter/Constitution/PositiveGeneration.lean:298:0: 'RelationalPerimeter.Constitution.PositiveHistory.deploy_start' does not depend on any axioms
info: RelationalPerimeter/Constitution/PositiveGeneration.lean:299:0: 'RelationalPerimeter.Constitution.PositiveHistory.deploy_final' does not depend on any axioms
info: RelationalPerimeter/Constitution/PositiveGeneration.lean:300:0: 'RelationalPerimeter.Constitution.PositiveHistory.deploy_append' does not depend on any axioms
info: RelationalPerimeter/Constitution/PositiveGeneration.lean:301:0: 'RelationalPerimeter.Constitution.PositiveHistory.Occurrence' does not depend on any axioms
info: RelationalPerimeter/Constitution/PositiveGeneration.lean:302:0: 'RelationalPerimeter.Constitution.PositiveHistory.nil_noOccurrence' does not depend on any axioms
info: RelationalPerimeter/Constitution/PositiveGeneration.lean:303:0: 'RelationalPerimeter.Constitution.PositiveHistory.here_ne_later' does not depend on any axioms
info: RelationalPerimeter/Constitution/PositiveGeneration.lean:304:0: 'RelationalPerimeter.Constitution.PositiveHistory.toPosition' does not depend on any axioms
info: RelationalPerimeter/Constitution/PositiveGeneration.lean:305:0: 'RelationalPerimeter.Constitution.PositiveHistory.fromPosition' does not depend on any axioms
info: RelationalPerimeter/Constitution/PositiveGeneration.lean:306:0: 'RelationalPerimeter.Constitution.PositiveHistory.position_occurrence_return' does not depend on any axioms
info: RelationalPerimeter/Constitution/PositiveGeneration.lean:307:0: 'RelationalPerimeter.Constitution.PositiveHistory.occurrence_position_return' does not depend on any axioms
info: RelationalPerimeter/Constitution/PositiveGeneration.lean:308:0: 'RelationalPerimeter.Constitution.PositiveHistory.positionTransport' does not depend on any axioms
info: RelationalPerimeter/Constitution/PositiveGeneration.lean:309:0: 'RelationalPerimeter.Constitution.PositiveHistory.linkAt' does not depend on any axioms
info: RelationalPerimeter/Constitution/PositiveGeneration.lean:310:0: 'RelationalPerimeter.Constitution.PositiveHistory.deploy_link_exact' does not depend on any axioms
info: RelationalPerimeter/Constitution/PositiveGeneration.lean:311:0: 'RelationalPerimeter.Constitution.PositiveHistory.boundaryShape' does not depend on any axioms
info: RelationalPerimeter/Constitution/PositiveGeneration.lean:312:0: 'RelationalPerimeter.Constitution.PositiveHistory.boundary_source_exact' does not depend on any axioms
info: RelationalPerimeter/Constitution/PositiveGeneration.lean:313:0: 'RelationalPerimeter.Constitution.PositiveHistory.toCircular' does not depend on any axioms
info: RelationalPerimeter/Constitution/PositiveGeneration.lean:314:0: 'RelationalPerimeter.Constitution.PositiveHistory.toCircular_initial' does not depend on any axioms
info: RelationalPerimeter/Constitution/PositiveGeneration.lean:315:0: 'RelationalPerimeter.Constitution.PositiveHistory.toCircular_deployment' does not depend on any axioms
info: RelationalPerimeter/Constitution/PositiveGeneration.lean:316:0: 'RelationalPerimeter.Constitution.PositiveHistory.toCircular_junction' does not depend on any axioms
info: RelationalPerimeter/Constitution/PositiveGeneration.lean:317:0: 'RelationalPerimeter.Constitution.PositiveHistory.toCircular_boundary' does not depend on any axioms
info: RelationalPerimeter/Constitution/PositiveGeneration.lean:318:0: 'RelationalPerimeter.Constitution.ChosenPositiveContinuation' does not depend on any axioms
info: RelationalPerimeter/Constitution/PositiveGeneration.lean:319:0: 'RelationalPerimeter.Constitution.ChosenPositiveContinuation.walk' does not depend on any axioms
info: RelationalPerimeter/Constitution/PositiveGeneration.lean:320:0: 'RelationalPerimeter.Constitution.ChosenPositiveContinuation.walk_successor_positive' does not depend on any axioms
ℹ [8/9] Built RelationalPerimeter.Constitution.SignatureTransport (791ms)
info: RelationalPerimeter/Constitution/SignatureTransport.lean:286:0: 'RelationalPerimeter.Constitution.ConstitutiveSignature' does not depend on any axioms
info: RelationalPerimeter/Constitution/SignatureTransport.lean:287:0: 'RelationalPerimeter.Constitution.ConstitutiveBoundary.signature' does not depend on any axioms
info: RelationalPerimeter/Constitution/SignatureTransport.lean:288:0: 'RelationalPerimeter.Constitution.ConstitutiveSignature.Node' does not depend on any axioms
info: RelationalPerimeter/Constitution/SignatureTransport.lean:289:0: 'RelationalPerimeter.Constitution.ConstitutiveSignature.compatibilityReindex' does not depend on any axioms
info: RelationalPerimeter/Constitution/SignatureTransport.lean:290:0: 'RelationalPerimeter.Constitution.ConstitutiveSignature.provenanceReindex' does not depend on any axioms
info: RelationalPerimeter/Constitution/SignatureTransport.lean:291:0: 'RelationalPerimeter.Constitution.ConstitutiveSignatureTransport' does not depend on any axioms
info: RelationalPerimeter/Constitution/SignatureTransport.lean:292:0: 'RelationalPerimeter.Constitution.ConstitutiveSignatureTransport.identity' does not depend on any axioms
info: RelationalPerimeter/Constitution/SignatureTransport.lean:293:0: 'RelationalPerimeter.Constitution.ConstitutiveSignatureTransport.compatibilityAt' does not depend on any axioms
info: RelationalPerimeter/Constitution/SignatureTransport.lean:294:0: 'RelationalPerimeter.Constitution.ConstitutiveSignatureTransport.provenanceAt' does not depend on any axioms
info: RelationalPerimeter/Constitution/SignatureTransport.lean:295:0: 'RelationalPerimeter.Constitution.ConstitutiveSignatureTransport.reverse' does not depend on any axioms
info: RelationalPerimeter/Constitution/SignatureTransport.lean:296:0: 'RelationalPerimeter.Constitution.ConstitutiveSignatureTransport.compose' does not depend on any axioms
info: RelationalPerimeter/Constitution/SignatureTransport.lean:297:0: 'RelationalPerimeter.Constitution.ConstitutiveSignatureTransport.compatibility_return' does not depend on any axioms
info: RelationalPerimeter/Constitution/SignatureTransport.lean:298:0: 'RelationalPerimeter.Constitution.ConstitutiveSignatureTransport.compatibility_return_target' does not depend on any axioms
info: RelationalPerimeter/Constitution/SignatureTransport.lean:299:0: 'RelationalPerimeter.Constitution.ConstitutiveSignatureTransport.provenance_return' does not depend on any axioms
info: RelationalPerimeter/Constitution/SignatureTransport.lean:300:0: 'RelationalPerimeter.Constitution.ConstitutiveSignatureTransport.provenance_return_target' does not depend on any axioms
info: RelationalPerimeter/Constitution/SignatureTransport.lean:301:0: 'RelationalPerimeter.Constitution.ConstitutiveSignatureTransport.reindexed_compatibility_return' does not depend on any axioms
info: RelationalPerimeter/Constitution/SignatureTransport.lean:302:0: 'RelationalPerimeter.Constitution.ConstitutiveSignatureTransport.reindexed_provenance_return' does not depend on any axioms
info: RelationalPerimeter/Constitution/SignatureTransport.lean:303:0: 'RelationalPerimeter.Constitution.ConstitutiveSignatureTransport.identity_compatibility' does not depend on any axioms
info: RelationalPerimeter/Constitution/SignatureTransport.lean:304:0: 'RelationalPerimeter.Constitution.ConstitutiveSignatureTransport.identity_provenance' does not depend on any axioms
info: RelationalPerimeter/Constitution/SignatureTransport.lean:305:0: 'RelationalPerimeter.Constitution.ConstitutiveSignatureTransport.compose_compatibility' does not depend on any axioms
info: RelationalPerimeter/Constitution/SignatureTransport.lean:306:0: 'RelationalPerimeter.Constitution.ConstitutiveSignatureTransport.compose_provenance' does not depend on any axioms
info: RelationalPerimeter/Constitution/SignatureTransport.lean:307:0: 'RelationalPerimeter.Constitution.ConstitutiveSignatureTransport.identity_left_compatibility' does not depend on any axioms
info: RelationalPerimeter/Constitution/SignatureTransport.lean:308:0: 'RelationalPerimeter.Constitution.ConstitutiveSignatureTransport.identity_right_compatibility' does not depend on any axioms
info: RelationalPerimeter/Constitution/SignatureTransport.lean:309:0: 'RelationalPerimeter.Constitution.ConstitutiveSignatureTransport.identity_left_provenance' does not depend on any axioms
info: RelationalPerimeter/Constitution/SignatureTransport.lean:310:0: 'RelationalPerimeter.Constitution.ConstitutiveSignatureTransport.identity_right_provenance' does not depend on any axioms
info: RelationalPerimeter/Constitution/SignatureTransport.lean:311:0: 'RelationalPerimeter.Constitution.ConstitutiveSignatureTransport.compose_associative_compatibility' does not depend on any axioms
info: RelationalPerimeter/Constitution/SignatureTransport.lean:312:0: 'RelationalPerimeter.Constitution.ConstitutiveSignatureTransport.compose_associative_provenance' does not depend on any axioms
info: RelationalPerimeter/Constitution/SignatureTransport.lean:313:0: 'RelationalPerimeter.Constitution.ConstitutiveSignatureTransport.reverse_compatibility_return' does not depend on any axioms
info: RelationalPerimeter/Constitution/SignatureTransport.lean:314:0: 'RelationalPerimeter.Constitution.ConstitutiveSignatureTransport.reverse_provenance_return' does not depend on any axioms
info: RelationalPerimeter/Constitution/SignatureTransport.lean:315:0: 'RelationalPerimeter.Constitution.ConstitutiveSignatureTransport.compatibility_backward_reindex' does not depend on any axioms
info: RelationalPerimeter/Constitution/SignatureTransport.lean:316:0: 'RelationalPerimeter.Constitution.ConstitutiveSignatureTransport.provenance_backward_reindex' does not depend on any axioms
info: RelationalPerimeter/Constitution/SignatureTransport.lean:317:0: 'RelationalPerimeter.Constitution.ConstitutiveSignatureTransport.reverse_compatibility_return_target' does not depend on any axioms
info: RelationalPerimeter/Constitution/SignatureTransport.lean:318:0: 'RelationalPerimeter.Constitution.ConstitutiveSignatureTransport.reverse_provenance_return_target' does not depend on any axioms
info: RelationalPerimeter/Constitution/SignatureTransport.lean:319:0: 'RelationalPerimeter.Constitution.ConstitutiveSignatureTransport.mapNode' does not depend on any axioms
info: RelationalPerimeter/Constitution/SignatureTransport.lean:320:0: 'RelationalPerimeter.Constitution.ConstitutiveSignatureTransport.mapNode_identity' does not depend on any axioms
info: RelationalPerimeter/Constitution/SignatureTransport.lean:321:0: 'RelationalPerimeter.Constitution.ConstitutiveSignatureTransport.mapNode_compose' does not depend on any axioms
info: RelationalPerimeter/Constitution/SignatureTransport.lean:322:0: 'RelationalPerimeter.Constitution.ConstitutiveSignatureTransport.restrictCarriers' does not depend on any axioms
info: RelationalPerimeter/Constitution/SignatureTransport.lean:323:0: 'RelationalPerimeter.Constitution.ConstitutiveSignatureTransport.restrict' does not depend on any axioms
info: RelationalPerimeter/Constitution/SignatureTransport.lean:324:0: 'RelationalPerimeter.Constitution.ConstitutiveSignatureTransport.restrict_junction_forward' does not depend on any axioms
info: RelationalPerimeter/Constitution/SignatureTransport.lean:325:0: 'RelationalPerimeter.Constitution.ConstitutiveSignatureTransport.restrict_provenance_backward' does not depend on any axioms
ℹ [9/9] Built RelationalPerimeter.Constitution.SpineTransport (873ms)
info: RelationalPerimeter/Constitution/SpineTransport.lean:167:0: 'RelationalPerimeter.Constitution.ConstitutiveSignatureTransport.mapSpine' does not depend on any axioms
info: RelationalPerimeter/Constitution/SpineTransport.lean:168:0: 'RelationalPerimeter.Constitution.ConstitutiveSignatureTransport.mapSpine_final' does not depend on any axioms
info: RelationalPerimeter/Constitution/SpineTransport.lean:169:0: 'RelationalPerimeter.Constitution.ConstitutiveSignatureTransport.mapSpine_append' does not depend on any axioms
info: RelationalPerimeter/Constitution/SpineTransport.lean:170:0: 'RelationalPerimeter.Constitution.ConstitutiveSignatureTransport.mapPosition' does not depend on any axioms
info: RelationalPerimeter/Constitution/SpineTransport.lean:171:0: 'RelationalPerimeter.Constitution.ConstitutiveSignatureTransport.restorePosition' does not depend on any axioms
info: RelationalPerimeter/Constitution/SpineTransport.lean:172:0: 'RelationalPerimeter.Constitution.ConstitutiveSignatureTransport.position_return' does not depend on any axioms
info: RelationalPerimeter/Constitution/SpineTransport.lean:173:0: 'RelationalPerimeter.Constitution.ConstitutiveSignatureTransport.position_return_target' does not depend on any axioms
info: RelationalPerimeter/Constitution/SpineTransport.lean:174:0: 'RelationalPerimeter.Constitution.ConstitutiveSignatureTransport.positionTransport' does not depend on any axioms
info: RelationalPerimeter/Constitution/SpineTransport.lean:175:0: 'RelationalPerimeter.Constitution.ConstitutiveSignatureTransport.mapPrecedes' does not depend on any axioms
info: RelationalPerimeter/Constitution/SpineTransport.lean:176:0: 'RelationalPerimeter.Constitution.ConstitutiveSignatureTransport.restorePrecedes' does not depend on any axioms
info: RelationalPerimeter/Constitution/SpineTransport.lean:177:0: 'RelationalPerimeter.Constitution.ConstitutiveSignatureTransport.mapNext' does not depend on any axioms
info: RelationalPerimeter/Constitution/SpineTransport.lean:178:0: 'RelationalPerimeter.Constitution.ConstitutiveSignatureTransport.restoreNext' does not depend on any axioms
info: RelationalPerimeter/Constitution/SpineTransport.lean:179:0: 'RelationalPerimeter.Constitution.ConstitutiveSignatureTransport.precedes_iff' does not depend on any axioms
info: RelationalPerimeter/Constitution/SpineTransport.lean:180:0: 'RelationalPerimeter.Constitution.ConstitutiveSignatureTransport.next_iff' does not depend on any axioms
info: RelationalPerimeter/Constitution/SpineTransport.lean:181:0: 'RelationalPerimeter.Constitution.ConstitutiveSignatureTransport.mapLink' does not depend on any axioms
info: RelationalPerimeter/Constitution/SpineTransport.lean:182:0: 'RelationalPerimeter.Constitution.ConstitutiveSignatureTransport.mapSpine_link' does not depend on any axioms
Build completed successfully (9 jobs).
