ℹ [2/12] Replayed RelationalPerimeter.Constitution.Primitives
info: RelationalPerimeter/Constitution/Primitives.lean:212:0: 'StrongPerimetralTurning.LocalNode' does not depend on any axioms
info: RelationalPerimeter/Constitution/Primitives.lean:213:0: 'StrongPerimetralTurning.PerimeterSpine' does not depend on any axioms
info: RelationalPerimeter/Constitution/Primitives.lean:214:0: 'StrongPerimetralTurning.PerimeterSpine.startNode' does not depend on any axioms
info: RelationalPerimeter/Constitution/Primitives.lean:215:0: 'StrongPerimetralTurning.PerimeterSpine.finalNode' does not depend on any axioms
info: RelationalPerimeter/Constitution/Primitives.lean:216:0: 'StrongPerimetralTurning.NonClosingPosition' does not depend on any axioms
info: RelationalPerimeter/Constitution/Primitives.lean:217:0: 'StrongPerimetralTurning.NonClosingPrecedes' does not depend on any axioms
info: RelationalPerimeter/Constitution/Primitives.lean:218:0: 'StrongPerimetralTurning.NonClosingNext' does not depend on any axioms
info: RelationalPerimeter/Constitution/Primitives.lean:219:0: 'StrongPerimetralTurning.NonClosingPrecedes.ne' does not depend on any axioms
info: RelationalPerimeter/Constitution/Primitives.lean:220:0: 'StrongPerimetralTurning.NonClosingNext.toPrecedes' does not depend on any axioms
ℹ [3/12] Replayed RelationalPerimeter.Constitution.PositivePresentation
info: RelationalPerimeter/Constitution/PositivePresentation.lean:79:0: 'StrongPerimetralTurning.PositiveCircularPresentation' does not depend on any axioms
info: RelationalPerimeter/Constitution/PositivePresentation.lean:80:0: 'StrongPerimetralTurning.EndpointBoundary' does not depend on any axioms
info: RelationalPerimeter/Constitution/PositivePresentation.lean:81:0: 'StrongPerimetralTurning.CircularClosureObstruction' does not depend on any axioms
info: RelationalPerimeter/Constitution/PositivePresentation.lean:82:0: 'StrongPerimetralTurning.CircularClosureObstruction.rejectTotalLoop' does not depend on any axioms
info: RelationalPerimeter/Constitution/PositivePresentation.lean:83:0: 'StrongPerimetralTurning.CircularClosureObstruction.endpointsSeparated' does not depend on any axioms
info: RelationalPerimeter/Constitution/PositivePresentation.lean:84:0: 'StrongPerimetralTurning.CircularClosureObstruction.noObstructionOfIdentifiedEndpoints' does not depend on any axioms
ℹ [4/12] Replayed ExactTypeTransport
info: ExactTypeTransport.lean:120:0: 'ExactTypeTransport' does not depend on any axioms
info: ExactTypeTransport.lean:121:0: 'ExactTypeTransport.reflexive' does not depend on any axioms
info: ExactTypeTransport.lean:122:0: 'ExactTypeTransport.ofEquality' does not depend on any axioms
info: ExactTypeTransport.lean:123:0: 'ExactTypeTransport.reverse' does not depend on any axioms
info: ExactTypeTransport.lean:124:0: 'ExactTypeTransport.compose' does not depend on any axioms
info: ExactTypeTransport.lean:125:0: 'ExactTypeTransport.sumUnit' does not depend on any axioms
info: ExactTypeTransport.lean:126:0: 'ExactTypeTransport.backward_eq_of_forward_eq' does not depend on any axioms
ℹ [5/12] Replayed RelationalPerimeter.Constitution.BoundaryTransport
info: RelationalPerimeter/Constitution/BoundaryTransport.lean:291:0: 'RelationalPerimeter.Constitution.ConstitutiveBoundary' does not depend on any axioms
info: RelationalPerimeter/Constitution/BoundaryTransport.lean:292:0: 'RelationalPerimeter.Constitution.closingBoundary' does not depend on any axioms
info: RelationalPerimeter/Constitution/BoundaryTransport.lean:293:0: 'RelationalPerimeter.Constitution.BoundaryCarrierTransport' does not depend on any axioms
info: RelationalPerimeter/Constitution/BoundaryTransport.lean:294:0: 'RelationalPerimeter.Constitution.BoundaryTransport' does not depend on any axioms
info: RelationalPerimeter/Constitution/BoundaryTransport.lean:295:0: 'RelationalPerimeter.Constitution.BoundaryTransport.identity' does not depend on any axioms
info: RelationalPerimeter/Constitution/BoundaryTransport.lean:296:0: 'RelationalPerimeter.Constitution.BoundaryTransport.reverse' does not depend on any axioms
info: RelationalPerimeter/Constitution/BoundaryTransport.lean:297:0: 'RelationalPerimeter.Constitution.BoundaryTransport.compose' does not depend on any axioms
info: RelationalPerimeter/Constitution/BoundaryTransport.lean:298:0: 'RelationalPerimeter.Constitution.BoundaryTransport.ForwardAgreement' does not depend on any axioms
info: RelationalPerimeter/Constitution/BoundaryTransport.lean:299:0: 'RelationalPerimeter.Constitution.BoundaryTransport.identity_left' does not depend on any axioms
info: RelationalPerimeter/Constitution/BoundaryTransport.lean:300:0: 'RelationalPerimeter.Constitution.BoundaryTransport.identity_right' does not depend on any axioms
info: RelationalPerimeter/Constitution/BoundaryTransport.lean:301:0: 'RelationalPerimeter.Constitution.BoundaryTransport.compose_associative' does not depend on any axioms
info: RelationalPerimeter/Constitution/BoundaryTransport.lean:302:0: 'RelationalPerimeter.Constitution.BoundaryTransport.reverse_left' does not depend on any axioms
info: RelationalPerimeter/Constitution/BoundaryTransport.lean:303:0: 'RelationalPerimeter.Constitution.BoundaryTransport.reverse_right' does not depend on any axioms
info: RelationalPerimeter/Constitution/BoundaryTransport.lean:304:0: 'RelationalPerimeter.Constitution.BoundaryTransport.reverse_reverse' does not depend on any axioms
info: RelationalPerimeter/Constitution/BoundaryTransport.lean:305:0: 'RelationalPerimeter.Constitution.BoundaryTransport.reverse_compose' does not depend on any axioms
info: RelationalPerimeter/Constitution/BoundaryTransport.lean:306:0: 'RelationalPerimeter.Constitution.BoundaryTransport.BackwardAgreement' does not depend on any axioms
info: RelationalPerimeter/Constitution/BoundaryTransport.lean:307:0: 'RelationalPerimeter.Constitution.BoundaryTransport.backward_of_forward' does not depend on any axioms
info: RelationalPerimeter/Constitution/BoundaryTransport.lean:308:0: 'RelationalPerimeter.Constitution.BoundaryTransport.exists_identity' does not depend on any axioms
info: RelationalPerimeter/Constitution/BoundaryTransport.lean:309:0: 'RelationalPerimeter.Constitution.BoundaryTransport.exists_reverse' does not depend on any axioms
info: RelationalPerimeter/Constitution/BoundaryTransport.lean:310:0: 'RelationalPerimeter.Constitution.BoundaryTransport.exists_compose' does not depend on any axioms
info: RelationalPerimeter/Constitution/BoundaryTransport.lean:311:0: 'RelationalPerimeter.Constitution.EquippedFinalRole' does not depend on any axioms
info: RelationalPerimeter/Constitution/BoundaryTransport.lean:312:0: 'RelationalPerimeter.Constitution.EquippedFinalRole.ext' does not depend on any axioms
info: RelationalPerimeter/Constitution/BoundaryTransport.lean:313:0: 'RelationalPerimeter.Constitution.EquippedFinalRole.unique' does not depend on any axioms
info: RelationalPerimeter/Constitution/BoundaryTransport.lean:314:0: 'RelationalPerimeter.Constitution.EquippedFinalRole.canonical' does not depend on any axioms
info: RelationalPerimeter/Constitution/BoundaryTransport.lean:315:0: 'RelationalPerimeter.Constitution.EquippedFinalRole.source' does not depend on any axioms
info: RelationalPerimeter/Constitution/BoundaryTransport.lean:316:0: 'RelationalPerimeter.Constitution.EquippedFinalRole.target' does not depend on any axioms
info: RelationalPerimeter/Constitution/BoundaryTransport.lean:317:0: 'RelationalPerimeter.Constitution.EquippedFinalRole.provenance' does not depend on any axioms
info: RelationalPerimeter/Constitution/BoundaryTransport.lean:318:0: 'RelationalPerimeter.Constitution.EquippedFinalRole.transport' does not depend on any axioms
info: RelationalPerimeter/Constitution/BoundaryTransport.lean:319:0: 'RelationalPerimeter.Constitution.EquippedFinalRole.source_preserved' does not depend on any axioms
info: RelationalPerimeter/Constitution/BoundaryTransport.lean:320:0: 'RelationalPerimeter.Constitution.EquippedFinalRole.target_preserved' does not depend on any axioms
info: RelationalPerimeter/Constitution/BoundaryTransport.lean:321:0: 'RelationalPerimeter.Constitution.EquippedFinalRole.provenance_preserved' does not depend on any axioms
info: RelationalPerimeter/Constitution/BoundaryTransport.lean:322:0: 'RelationalPerimeter.Constitution.EquippedFinalRole.transport_identity' does not depend on any axioms
info: RelationalPerimeter/Constitution/BoundaryTransport.lean:323:0: 'RelationalPerimeter.Constitution.EquippedFinalRole.transport_compose' does not depend on any axioms
info: RelationalPerimeter/Constitution/BoundaryTransport.lean:324:0: 'RelationalPerimeter.Constitution.EquippedFinalRole.transport_reverse' does not depend on any axioms
info: RelationalPerimeter/Constitution/BoundaryTransport.lean:325:0: 'RelationalPerimeter.Constitution.EquippedFinalRole.transport_reverse_right' does not depend on any axioms
info: RelationalPerimeter/Constitution/BoundaryTransport.lean:326:0: 'RelationalPerimeter.Constitution.EquippedFinalRole.exactTransport' does not depend on any axioms
ℹ [6/12] Replayed RelationalPerimeter.Constitution.ClosingBoundary
info: RelationalPerimeter/Constitution/ClosingBoundary.lean:147:0: 'RelationalPerimeter.Constitution.ClosingBoundaryShape' does not depend on any axioms
info: RelationalPerimeter/Constitution/ClosingBoundary.lean:148:0: 'RelationalPerimeter.Constitution.ClosingWitness' does not depend on any axioms
info: RelationalPerimeter/Constitution/ClosingBoundary.lean:149:0: 'RelationalPerimeter.Constitution.PointedClosingBoundary' does not depend on any axioms
info: RelationalPerimeter/Constitution/ClosingBoundary.lean:150:0: 'RelationalPerimeter.Constitution.ClosingBoundaryShape.point' does not depend on any axioms
info: RelationalPerimeter/Constitution/ClosingBoundary.lean:151:0: 'RelationalPerimeter.Constitution.ClosingBoundaryShape.pointingTransport' does not depend on any axioms
info: RelationalPerimeter/Constitution/ClosingBoundary.lean:152:0: 'RelationalPerimeter.Constitution.ClosingBoundaryShape.nonempty_pointed_iff' does not depend on any axioms
info: RelationalPerimeter/Constitution/ClosingBoundary.lean:153:0: 'RelationalPerimeter.Constitution.ClosingBoundaryShape.noPointingOfEmpty' does not depend on any axioms
info: RelationalPerimeter/Constitution/ClosingBoundary.lean:154:0: 'RelationalPerimeter.Constitution.ConstitutiveBoundary.toClosingBoundaryShape' does not depend on any axioms
info: RelationalPerimeter/Constitution/ClosingBoundary.lean:155:0: 'RelationalPerimeter.Constitution.ConstitutiveBoundary.toPointedClosingBoundary' does not depend on any axioms
info: RelationalPerimeter/Constitution/ClosingBoundary.lean:156:0: 'RelationalPerimeter.Constitution.ConstitutiveBoundary.shape_fibre_nonempty' does not depend on any axioms
info: RelationalPerimeter/Constitution/ClosingBoundary.lean:157:0: 'RelationalPerimeter.Constitution.PointedClosingBoundary.toConstitutiveBoundary' does not depend on any axioms
info: RelationalPerimeter/Constitution/ClosingBoundary.lean:158:0: 'RelationalPerimeter.Constitution.PointedClosingBoundary.shape_roundTrip' does not depend on any axioms
info: RelationalPerimeter/Constitution/ClosingBoundary.lean:159:0: 'RelationalPerimeter.Constitution.PointedClosingBoundary.pointing_roundTrip' does not depend on any axioms
info: RelationalPerimeter/Constitution/ClosingBoundary.lean:160:0: 'RelationalPerimeter.Constitution.PointedClosingBoundary.FinalRole' does not depend on any axioms
info: RelationalPerimeter/Constitution/ClosingBoundary.lean:161:0: 'RelationalPerimeter.Constitution.PointedClosingBoundary.finalRole' does not depend on any axioms
info: RelationalPerimeter/Constitution/ClosingBoundary.lean:162:0: 'RelationalPerimeter.Constitution.PointedClosingBoundary.finalRole_unique' does not depend on any axioms
info: RelationalPerimeter/Constitution/ClosingBoundary.lean:163:0: 'RelationalPerimeter.Constitution.PointedClosingBoundary.finalRole_junction' does not depend on any axioms
info: RelationalPerimeter/Constitution/ClosingBoundary.lean:164:0: 'RelationalPerimeter.Constitution.ConstitutiveBoundary.boundary_roundTrip' does not depend on any axioms
info: RelationalPerimeter/Constitution/ClosingBoundary.lean:165:0: 'RelationalPerimeter.Constitution.ClosingBoundaryShape.nonempty_finalRole_iff' does not depend on any axioms
info: RelationalPerimeter/Constitution/ClosingBoundary.lean:166:0: 'RelationalPerimeter.Constitution.ClosingBoundaryShape.noFinalRoleOfEmpty' does not depend on any axioms
ℹ [7/12] Replayed RelationalPerimeter.Constitution.SignatureTransport
info: RelationalPerimeter/Constitution/SignatureTransport.lean:286:0: 'RelationalPerimeter.Constitution.ConstitutiveSignature' does not depend on any axioms
info: RelationalPerimeter/Constitution/SignatureTransport.lean:287:0: 'RelationalPerimeter.Constitution.ConstitutiveBoundary.signature' does not depend on any axioms
info: RelationalPerimeter/Constitution/SignatureTransport.lean:288:0: 'RelationalPerimeter.Constitution.ConstitutiveSignature.Node' does not depend on any axioms
info: RelationalPerimeter/Constitution/SignatureTransport.lean:289:0: 'RelationalPerimeter.Constitution.ConstitutiveSignature.compatibilityReindex' does not depend on any axioms
info: RelationalPerimeter/Constitution/SignatureTransport.lean:290:0: 'RelationalPerimeter.Constitution.ConstitutiveSignature.provenanceReindex' does not depend on any axioms
info: RelationalPerimeter/Constitution/SignatureTransport.lean:291:0: 'RelationalPerimeter.Constitution.ConstitutiveSignatureTransport' does not depend on any axioms
info: RelationalPerimeter/Constitution/SignatureTransport.lean:292:0: 'RelationalPerimeter.Constitution.ConstitutiveSignatureTransport.identity' does not depend on any axioms
info: RelationalPerimeter/Constitution/SignatureTransport.lean:293:0: 'RelationalPerimeter.Constitution.ConstitutiveSignatureTransport.compatibilityAt' does not depend on any axioms
info: RelationalPerimeter/Constitution/SignatureTransport.lean:294:0: 'RelationalPerimeter.Constitution.ConstitutiveSignatureTransport.provenanceAt' does not depend on any axioms
info: RelationalPerimeter/Constitution/SignatureTransport.lean:295:0: 'RelationalPerimeter.Constitution.ConstitutiveSignatureTransport.reverse' does not depend on any axioms
info: RelationalPerimeter/Constitution/SignatureTransport.lean:296:0: 'RelationalPerimeter.Constitution.ConstitutiveSignatureTransport.compose' does not depend on any axioms
info: RelationalPerimeter/Constitution/SignatureTransport.lean:297:0: 'RelationalPerimeter.Constitution.ConstitutiveSignatureTransport.compatibility_return' does not depend on any axioms
info: RelationalPerimeter/Constitution/SignatureTransport.lean:298:0: 'RelationalPerimeter.Constitution.ConstitutiveSignatureTransport.compatibility_return_target' does not depend on any axioms
info: RelationalPerimeter/Constitution/SignatureTransport.lean:299:0: 'RelationalPerimeter.Constitution.ConstitutiveSignatureTransport.provenance_return' does not depend on any axioms
info: RelationalPerimeter/Constitution/SignatureTransport.lean:300:0: 'RelationalPerimeter.Constitution.ConstitutiveSignatureTransport.provenance_return_target' does not depend on any axioms
info: RelationalPerimeter/Constitution/SignatureTransport.lean:301:0: 'RelationalPerimeter.Constitution.ConstitutiveSignatureTransport.reindexed_compatibility_return' does not depend on any axioms
info: RelationalPerimeter/Constitution/SignatureTransport.lean:302:0: 'RelationalPerimeter.Constitution.ConstitutiveSignatureTransport.reindexed_provenance_return' does not depend on any axioms
info: RelationalPerimeter/Constitution/SignatureTransport.lean:303:0: 'RelationalPerimeter.Constitution.ConstitutiveSignatureTransport.identity_compatibility' does not depend on any axioms
info: RelationalPerimeter/Constitution/SignatureTransport.lean:304:0: 'RelationalPerimeter.Constitution.ConstitutiveSignatureTransport.identity_provenance' does not depend on any axioms
info: RelationalPerimeter/Constitution/SignatureTransport.lean:305:0: 'RelationalPerimeter.Constitution.ConstitutiveSignatureTransport.compose_compatibility' does not depend on any axioms
info: RelationalPerimeter/Constitution/SignatureTransport.lean:306:0: 'RelationalPerimeter.Constitution.ConstitutiveSignatureTransport.compose_provenance' does not depend on any axioms
info: RelationalPerimeter/Constitution/SignatureTransport.lean:307:0: 'RelationalPerimeter.Constitution.ConstitutiveSignatureTransport.identity_left_compatibility' does not depend on any axioms
info: RelationalPerimeter/Constitution/SignatureTransport.lean:308:0: 'RelationalPerimeter.Constitution.ConstitutiveSignatureTransport.identity_right_compatibility' does not depend on any axioms
info: RelationalPerimeter/Constitution/SignatureTransport.lean:309:0: 'RelationalPerimeter.Constitution.ConstitutiveSignatureTransport.identity_left_provenance' does not depend on any axioms
info: RelationalPerimeter/Constitution/SignatureTransport.lean:310:0: 'RelationalPerimeter.Constitution.ConstitutiveSignatureTransport.identity_right_provenance' does not depend on any axioms
info: RelationalPerimeter/Constitution/SignatureTransport.lean:311:0: 'RelationalPerimeter.Constitution.ConstitutiveSignatureTransport.compose_associative_compatibility' does not depend on any axioms
info: RelationalPerimeter/Constitution/SignatureTransport.lean:312:0: 'RelationalPerimeter.Constitution.ConstitutiveSignatureTransport.compose_associative_provenance' does not depend on any axioms
info: RelationalPerimeter/Constitution/SignatureTransport.lean:313:0: 'RelationalPerimeter.Constitution.ConstitutiveSignatureTransport.reverse_compatibility_return' does not depend on any axioms
info: RelationalPerimeter/Constitution/SignatureTransport.lean:314:0: 'RelationalPerimeter.Constitution.ConstitutiveSignatureTransport.reverse_provenance_return' does not depend on any axioms
info: RelationalPerimeter/Constitution/SignatureTransport.lean:315:0: 'RelationalPerimeter.Constitution.ConstitutiveSignatureTransport.compatibility_backward_reindex' does not depend on any axioms
info: RelationalPerimeter/Constitution/SignatureTransport.lean:316:0: 'RelationalPerimeter.Constitution.ConstitutiveSignatureTransport.provenance_backward_reindex' does not depend on any axioms
info: RelationalPerimeter/Constitution/SignatureTransport.lean:317:0: 'RelationalPerimeter.Constitution.ConstitutiveSignatureTransport.reverse_compatibility_return_target' does not depend on any axioms
info: RelationalPerimeter/Constitution/SignatureTransport.lean:318:0: 'RelationalPerimeter.Constitution.ConstitutiveSignatureTransport.reverse_provenance_return_target' does not depend on any axioms
info: RelationalPerimeter/Constitution/SignatureTransport.lean:319:0: 'RelationalPerimeter.Constitution.ConstitutiveSignatureTransport.mapNode' does not depend on any axioms
info: RelationalPerimeter/Constitution/SignatureTransport.lean:320:0: 'RelationalPerimeter.Constitution.ConstitutiveSignatureTransport.mapNode_identity' does not depend on any axioms
info: RelationalPerimeter/Constitution/SignatureTransport.lean:321:0: 'RelationalPerimeter.Constitution.ConstitutiveSignatureTransport.mapNode_compose' does not depend on any axioms
info: RelationalPerimeter/Constitution/SignatureTransport.lean:322:0: 'RelationalPerimeter.Constitution.ConstitutiveSignatureTransport.restrictCarriers' does not depend on any axioms
info: RelationalPerimeter/Constitution/SignatureTransport.lean:323:0: 'RelationalPerimeter.Constitution.ConstitutiveSignatureTransport.restrict' does not depend on any axioms
info: RelationalPerimeter/Constitution/SignatureTransport.lean:324:0: 'RelationalPerimeter.Constitution.ConstitutiveSignatureTransport.restrict_junction_forward' does not depend on any axioms
info: RelationalPerimeter/Constitution/SignatureTransport.lean:325:0: 'RelationalPerimeter.Constitution.ConstitutiveSignatureTransport.restrict_provenance_backward' does not depend on any axioms
ℹ [8/12] Replayed RelationalPerimeter.Constitution.PositiveGeneration
info: RelationalPerimeter/Constitution/PositiveGeneration.lean:285:0: 'StrongPerimetralTurning.SuccessiveLink' does not depend on any axioms
info: RelationalPerimeter/Constitution/PositiveGeneration.lean:286:0: 'StrongPerimetralTurning.PerimeterSpine.append' does not depend on any axioms
info: RelationalPerimeter/Constitution/PositiveGeneration.lean:287:0: 'StrongPerimetralTurning.PerimeterSpine.appendAlong' does not depend on any axioms
info: RelationalPerimeter/Constitution/PositiveGeneration.lean:288:0: 'StrongPerimetralTurning.PerimeterSpine.append_finalNode' does not depend on any axioms
info: RelationalPerimeter/Constitution/PositiveGeneration.lean:289:0: 'StrongPerimetralTurning.PerimeterSpine.linkAt' does not depend on any axioms
info: RelationalPerimeter/Constitution/PositiveGeneration.lean:290:0: 'RelationalPerimeter.Constitution.PositiveFormation' does not depend on any axioms
info: RelationalPerimeter/Constitution/PositiveGeneration.lean:291:0: 'RelationalPerimeter.Constitution.PositiveFormation.link' does not depend on any axioms
info: RelationalPerimeter/Constitution/PositiveGeneration.lean:292:0: 'RelationalPerimeter.Constitution.PositiveHistory' does not depend on any axioms
info: RelationalPerimeter/Constitution/PositiveGeneration.lean:293:0: 'RelationalPerimeter.Constitution.PositiveHistory.append' does not depend on any axioms
info: RelationalPerimeter/Constitution/PositiveGeneration.lean:294:0: 'RelationalPerimeter.Constitution.PositiveHistory.nil_append' does not depend on any axioms
info: RelationalPerimeter/Constitution/PositiveGeneration.lean:295:0: 'RelationalPerimeter.Constitution.PositiveHistory.append_nil' does not depend on any axioms
info: RelationalPerimeter/Constitution/PositiveGeneration.lean:296:0: 'RelationalPerimeter.Constitution.PositiveHistory.append_associative' does not depend on any axioms
info: RelationalPerimeter/Constitution/PositiveGeneration.lean:297:0: 'RelationalPerimeter.Constitution.PositiveHistory.deploy' does not depend on any axioms
info: RelationalPerimeter/Constitution/PositiveGeneration.lean:298:0: 'RelationalPerimeter.Constitution.PositiveHistory.deploy_start' does not depend on any axioms
info: RelationalPerimeter/Constitution/PositiveGeneration.lean:299:0: 'RelationalPerimeter.Constitution.PositiveHistory.deploy_final' does not depend on any axioms
info: RelationalPerimeter/Constitution/PositiveGeneration.lean:300:0: 'RelationalPerimeter.Constitution.PositiveHistory.deploy_append' does not depend on any axioms
info: RelationalPerimeter/Constitution/PositiveGeneration.lean:301:0: 'RelationalPerimeter.Constitution.PositiveHistory.Occurrence' does not depend on any axioms
info: RelationalPerimeter/Constitution/PositiveGeneration.lean:302:0: 'RelationalPerimeter.Constitution.PositiveHistory.nil_noOccurrence' does not depend on any axioms
info: RelationalPerimeter/Constitution/PositiveGeneration.lean:303:0: 'RelationalPerimeter.Constitution.PositiveHistory.here_ne_later' does not depend on any axioms
info: RelationalPerimeter/Constitution/PositiveGeneration.lean:304:0: 'RelationalPerimeter.Constitution.PositiveHistory.toPosition' does not depend on any axioms
info: RelationalPerimeter/Constitution/PositiveGeneration.lean:305:0: 'RelationalPerimeter.Constitution.PositiveHistory.fromPosition' does not depend on any axioms
info: RelationalPerimeter/Constitution/PositiveGeneration.lean:306:0: 'RelationalPerimeter.Constitution.PositiveHistory.position_occurrence_return' does not depend on any axioms
info: RelationalPerimeter/Constitution/PositiveGeneration.lean:307:0: 'RelationalPerimeter.Constitution.PositiveHistory.occurrence_position_return' does not depend on any axioms
info: RelationalPerimeter/Constitution/PositiveGeneration.lean:308:0: 'RelationalPerimeter.Constitution.PositiveHistory.positionTransport' does not depend on any axioms
info: RelationalPerimeter/Constitution/PositiveGeneration.lean:309:0: 'RelationalPerimeter.Constitution.PositiveHistory.linkAt' does not depend on any axioms
info: RelationalPerimeter/Constitution/PositiveGeneration.lean:310:0: 'RelationalPerimeter.Constitution.PositiveHistory.deploy_link_exact' does not depend on any axioms
info: RelationalPerimeter/Constitution/PositiveGeneration.lean:311:0: 'RelationalPerimeter.Constitution.PositiveHistory.boundaryShape' does not depend on any axioms
info: RelationalPerimeter/Constitution/PositiveGeneration.lean:312:0: 'RelationalPerimeter.Constitution.PositiveHistory.boundary_source_exact' does not depend on any axioms
info: RelationalPerimeter/Constitution/PositiveGeneration.lean:313:0: 'RelationalPerimeter.Constitution.PositiveHistory.toCircular' does not depend on any axioms
info: RelationalPerimeter/Constitution/PositiveGeneration.lean:314:0: 'RelationalPerimeter.Constitution.PositiveHistory.toCircular_initial' does not depend on any axioms
info: RelationalPerimeter/Constitution/PositiveGeneration.lean:315:0: 'RelationalPerimeter.Constitution.PositiveHistory.toCircular_deployment' does not depend on any axioms
info: RelationalPerimeter/Constitution/PositiveGeneration.lean:316:0: 'RelationalPerimeter.Constitution.PositiveHistory.toCircular_junction' does not depend on any axioms
info: RelationalPerimeter/Constitution/PositiveGeneration.lean:317:0: 'RelationalPerimeter.Constitution.PositiveHistory.toCircular_boundary' does not depend on any axioms
info: RelationalPerimeter/Constitution/PositiveGeneration.lean:318:0: 'RelationalPerimeter.Constitution.ChosenPositiveContinuation' does not depend on any axioms
info: RelationalPerimeter/Constitution/PositiveGeneration.lean:319:0: 'RelationalPerimeter.Constitution.ChosenPositiveContinuation.walk' does not depend on any axioms
info: RelationalPerimeter/Constitution/PositiveGeneration.lean:320:0: 'RelationalPerimeter.Constitution.ChosenPositiveContinuation.walk_successor_positive' does not depend on any axioms
ℹ [9/12] Replayed RelationalPerimeter.Constitution.SpineTransport
info: RelationalPerimeter/Constitution/SpineTransport.lean:167:0: 'RelationalPerimeter.Constitution.ConstitutiveSignatureTransport.mapSpine' does not depend on any axioms
info: RelationalPerimeter/Constitution/SpineTransport.lean:168:0: 'RelationalPerimeter.Constitution.ConstitutiveSignatureTransport.mapSpine_final' does not depend on any axioms
info: RelationalPerimeter/Constitution/SpineTransport.lean:169:0: 'RelationalPerimeter.Constitution.ConstitutiveSignatureTransport.mapSpine_append' does not depend on any axioms
info: RelationalPerimeter/Constitution/SpineTransport.lean:170:0: 'RelationalPerimeter.Constitution.ConstitutiveSignatureTransport.mapPosition' does not depend on any axioms
info: RelationalPerimeter/Constitution/SpineTransport.lean:171:0: 'RelationalPerimeter.Constitution.ConstitutiveSignatureTransport.restorePosition' does not depend on any axioms
info: RelationalPerimeter/Constitution/SpineTransport.lean:172:0: 'RelationalPerimeter.Constitution.ConstitutiveSignatureTransport.position_return' does not depend on any axioms
info: RelationalPerimeter/Constitution/SpineTransport.lean:173:0: 'RelationalPerimeter.Constitution.ConstitutiveSignatureTransport.position_return_target' does not depend on any axioms
info: RelationalPerimeter/Constitution/SpineTransport.lean:174:0: 'RelationalPerimeter.Constitution.ConstitutiveSignatureTransport.positionTransport' does not depend on any axioms
info: RelationalPerimeter/Constitution/SpineTransport.lean:175:0: 'RelationalPerimeter.Constitution.ConstitutiveSignatureTransport.mapPrecedes' does not depend on any axioms
info: RelationalPerimeter/Constitution/SpineTransport.lean:176:0: 'RelationalPerimeter.Constitution.ConstitutiveSignatureTransport.restorePrecedes' does not depend on any axioms
info: RelationalPerimeter/Constitution/SpineTransport.lean:177:0: 'RelationalPerimeter.Constitution.ConstitutiveSignatureTransport.mapNext' does not depend on any axioms
info: RelationalPerimeter/Constitution/SpineTransport.lean:178:0: 'RelationalPerimeter.Constitution.ConstitutiveSignatureTransport.restoreNext' does not depend on any axioms
info: RelationalPerimeter/Constitution/SpineTransport.lean:179:0: 'RelationalPerimeter.Constitution.ConstitutiveSignatureTransport.precedes_iff' does not depend on any axioms
info: RelationalPerimeter/Constitution/SpineTransport.lean:180:0: 'RelationalPerimeter.Constitution.ConstitutiveSignatureTransport.next_iff' does not depend on any axioms
info: RelationalPerimeter/Constitution/SpineTransport.lean:181:0: 'RelationalPerimeter.Constitution.ConstitutiveSignatureTransport.mapLink' does not depend on any axioms
info: RelationalPerimeter/Constitution/SpineTransport.lean:182:0: 'RelationalPerimeter.Constitution.ConstitutiveSignatureTransport.mapSpine_link' does not depend on any axioms
ℹ [10/12] Replayed RelationalPerimeter.Constitution.FormationTransport
info: RelationalPerimeter/Constitution/FormationTransport.lean:326:0: 'RelationalPerimeter.Constitution.PositiveFormation.signature' does not depend on any axioms
info: RelationalPerimeter/Constitution/FormationTransport.lean:327:0: 'RelationalPerimeter.Constitution.PositiveFormation.transport' does not depend on any axioms
info: RelationalPerimeter/Constitution/FormationTransport.lean:328:0: 'RelationalPerimeter.Constitution.PositiveFormation.transport_node' does not depend on any axioms
info: RelationalPerimeter/Constitution/FormationTransport.lean:329:0: 'RelationalPerimeter.Constitution.PositiveFormation.transport_step_readout' does not depend on any axioms
info: RelationalPerimeter/Constitution/FormationTransport.lean:330:0: 'RelationalPerimeter.Constitution.PositionReindex.cast_here' does not depend on any axioms
info: RelationalPerimeter/Constitution/FormationTransport.lean:331:0: 'RelationalPerimeter.Constitution.PositionReindex.cast_later' does not depend on any axioms
info: RelationalPerimeter/Constitution/FormationTransport.lean:332:0: 'RelationalPerimeter.Constitution.PositionReindex.precedes_cast' does not depend on any axioms
info: RelationalPerimeter/Constitution/FormationTransport.lean:333:0: 'RelationalPerimeter.Constitution.PositionReindex.next_cast' does not depend on any axioms
info: RelationalPerimeter/Constitution/FormationTransport.lean:334:0: 'RelationalPerimeter.Constitution.PositiveHistory.transportSignature' does not depend on any axioms
info: RelationalPerimeter/Constitution/FormationTransport.lean:335:0: 'RelationalPerimeter.Constitution.PositiveHistory.restoreSignature' does not depend on any axioms
info: RelationalPerimeter/Constitution/FormationTransport.lean:336:0: 'RelationalPerimeter.Constitution.PositiveHistory.transport_restore' does not depend on any axioms
info: RelationalPerimeter/Constitution/FormationTransport.lean:337:0: 'RelationalPerimeter.Constitution.PositiveHistory.restore_transport' does not depend on any axioms
info: RelationalPerimeter/Constitution/FormationTransport.lean:338:0: 'RelationalPerimeter.Constitution.PositiveHistory.signatureTransport' does not depend on any axioms
info: RelationalPerimeter/Constitution/FormationTransport.lean:339:0: 'RelationalPerimeter.Constitution.PositiveHistory.transport_append' does not depend on any axioms
info: RelationalPerimeter/Constitution/FormationTransport.lean:340:0: 'RelationalPerimeter.Constitution.PositiveHistory.transport_deploy' does not depend on any axioms
info: RelationalPerimeter/Constitution/FormationTransport.lean:341:0: 'RelationalPerimeter.Constitution.PositiveHistory.transportOccurrence' does not depend on any axioms
info: RelationalPerimeter/Constitution/FormationTransport.lean:342:0: 'RelationalPerimeter.Constitution.PositiveHistory.restoreOccurrence' does not depend on any axioms
info: RelationalPerimeter/Constitution/FormationTransport.lean:343:0: 'RelationalPerimeter.Constitution.PositiveHistory.transport_restore_occurrence' does not depend on any axioms
info: RelationalPerimeter/Constitution/FormationTransport.lean:344:0: 'RelationalPerimeter.Constitution.PositiveHistory.restore_transport_occurrence' does not depend on any axioms
info: RelationalPerimeter/Constitution/FormationTransport.lean:345:0: 'RelationalPerimeter.Constitution.PositiveHistory.occurrenceSignatureTransport' does not depend on any axioms
info: RelationalPerimeter/Constitution/FormationTransport.lean:346:0: 'RelationalPerimeter.Constitution.PositiveHistory.transport_position' does not depend on any axioms
info: RelationalPerimeter/Constitution/FormationTransport.lean:347:0: 'RelationalPerimeter.Constitution.PositiveHistory.transport_precedes_iff' does not depend on any axioms
info: RelationalPerimeter/Constitution/FormationTransport.lean:348:0: 'RelationalPerimeter.Constitution.PositiveHistory.transport_next_iff' does not depend on any axioms
info: RelationalPerimeter/Constitution/FormationTransport.lean:349:0: 'RelationalPerimeter.Constitution.PositiveHistory.transport_link' does not depend on any axioms
info: RelationalPerimeter/Constitution/FormationTransport.lean:350:0: 'RelationalPerimeter.Constitution.ChosenPositiveContinuation.transportSignature' does not depend on any axioms
info: RelationalPerimeter/Constitution/FormationTransport.lean:351:0: 'RelationalPerimeter.Constitution.ChosenPositiveContinuation.transport_successor' does not depend on any axioms
info: RelationalPerimeter/Constitution/FormationTransport.lean:352:0: 'RelationalPerimeter.Constitution.ChosenPositiveContinuation.transport_selected_step' does not depend on any axioms
info: RelationalPerimeter/Constitution/FormationTransport.lean:353:0: 'RelationalPerimeter.Constitution.ChosenPositiveContinuation.transport_walk' does not depend on any axioms
ℹ [11/12] Built RelationalPerimeter.Constitution.ClosingTransport (640ms)
info: RelationalPerimeter/Constitution/ClosingTransport.lean:73:0: 'RelationalPerimeter.Constitution.PositiveHistory.transport_closing_source' does not depend on any axioms
info: RelationalPerimeter/Constitution/ClosingTransport.lean:74:0: 'RelationalPerimeter.Constitution.PositiveHistory.closingSignatureTransport' does not depend on any axioms
info: RelationalPerimeter/Constitution/ClosingTransport.lean:75:0: 'RelationalPerimeter.Constitution.PositiveHistory.transport_closing_return' does not depend on any axioms
info: RelationalPerimeter/Constitution/ClosingTransport.lean:76:0: 'RelationalPerimeter.Constitution.PositiveHistory.transport_closing_return_target' does not depend on any axioms
info: RelationalPerimeter/Constitution/ClosingTransport.lean:77:0: 'RelationalPerimeter.Constitution.PositiveHistory.transportedCircular' does not depend on any axioms
info: RelationalPerimeter/Constitution/ClosingTransport.lean:78:0: 'RelationalPerimeter.Constitution.PositiveHistory.circularBoundaryTransport' does not depend on any axioms
info: RelationalPerimeter/Constitution/ClosingTransport.lean:79:0: 'RelationalPerimeter.Constitution.PositiveHistory.circular_junction_preserved' does not depend on any axioms
info: RelationalPerimeter/Constitution/ClosingTransport.lean:80:0: 'RelationalPerimeter.Constitution.PositiveHistory.circular_provenance_preserved' does not depend on any axioms
ℹ [12/12] Built RelationalPerimeter.Constitution.FormationTransportExamples (900ms)
info: RelationalPerimeter/Constitution/FormationTransportExamples.lean:149:0: 'RelationalPerimeter.Constitution.FormationTransportExamples.signature' does not depend on any axioms
info: RelationalPerimeter/Constitution/FormationTransportExamples.lean:150:0: 'RelationalPerimeter.Constitution.FormationTransportExamples.boolFlip' does not depend on any axioms
info: RelationalPerimeter/Constitution/FormationTransportExamples.lean:151:0: 'RelationalPerimeter.Constitution.FormationTransportExamples.witnessFlip' does not depend on any axioms
info: RelationalPerimeter/Constitution/FormationTransportExamples.lean:152:0: 'RelationalPerimeter.Constitution.FormationTransportExamples.node' does not depend on any axioms
info: RelationalPerimeter/Constitution/FormationTransportExamples.lean:153:0: 'RelationalPerimeter.Constitution.FormationTransportExamples.formation' does not depend on any axioms
info: RelationalPerimeter/Constitution/FormationTransportExamples.lean:154:0: 'RelationalPerimeter.Constitution.FormationTransportExamples.transportedFormation' does not depend on any axioms
info: RelationalPerimeter/Constitution/FormationTransportExamples.lean:155:0: 'RelationalPerimeter.Constitution.FormationTransportExamples.firstHistory' does not depend on any axioms
info: RelationalPerimeter/Constitution/FormationTransportExamples.lean:156:0: 'RelationalPerimeter.Constitution.FormationTransportExamples.secondHistory' does not depend on any axioms
info: RelationalPerimeter/Constitution/FormationTransportExamples.lean:157:0: 'RelationalPerimeter.Constitution.FormationTransportExamples.firstPayload' does not depend on any axioms
info: RelationalPerimeter/Constitution/FormationTransportExamples.lean:158:0: 'RelationalPerimeter.Constitution.FormationTransportExamples.transportedPayload' does not depend on any axioms
info: RelationalPerimeter/Constitution/FormationTransportExamples.lean:159:0: 'RelationalPerimeter.Constitution.FormationTransportExamples.equal_spines_with_distinct_step_data' does not depend on any axioms
info: RelationalPerimeter/Constitution/FormationTransportExamples.lean:160:0: 'RelationalPerimeter.Constitution.FormationTransportExamples.histories_distinct' does not depend on any axioms
info: RelationalPerimeter/Constitution/FormationTransportExamples.lean:161:0: 'RelationalPerimeter.Constitution.FormationTransportExamples.transportedHistory' does not depend on any axioms
info: RelationalPerimeter/Constitution/FormationTransportExamples.lean:162:0: 'RelationalPerimeter.Constitution.FormationTransportExamples.selected_readout_flipped' does not depend on any axioms
info: RelationalPerimeter/Constitution/FormationTransportExamples.lean:163:0: 'RelationalPerimeter.Constitution.FormationTransportExamples.internal_readout_flipped' does not depend on any axioms
info: RelationalPerimeter/Constitution/FormationTransportExamples.lean:164:0: 'RelationalPerimeter.Constitution.FormationTransportExamples.provenance_flipped' does not depend on any axioms
info: RelationalPerimeter/Constitution/FormationTransportExamples.lean:165:0: 'RelationalPerimeter.Constitution.FormationTransportExamples.complete_payload_preserved' does not depend on any axioms
info: RelationalPerimeter/Constitution/FormationTransportExamples.lean:166:0: 'RelationalPerimeter.Constitution.FormationTransportExamples.complete_history_return' does not depend on any axioms
info: RelationalPerimeter/Constitution/FormationTransportExamples.lean:167:0: 'RelationalPerimeter.Constitution.FormationTransportExamples.threeSteps' does not depend on any axioms
info: RelationalPerimeter/Constitution/FormationTransportExamples.lean:168:0: 'RelationalPerimeter.Constitution.FormationTransportExamples.firstOccurrence' does not depend on any axioms
info: RelationalPerimeter/Constitution/FormationTransportExamples.lean:169:0: 'RelationalPerimeter.Constitution.FormationTransportExamples.secondOccurrence' does not depend on any axioms
info: RelationalPerimeter/Constitution/FormationTransportExamples.lean:170:0: 'RelationalPerimeter.Constitution.FormationTransportExamples.thirdOccurrence' does not depend on any axioms
info: RelationalPerimeter/Constitution/FormationTransportExamples.lean:171:0: 'RelationalPerimeter.Constitution.FormationTransportExamples.threeStepsTransported' does not depend on any axioms
info: RelationalPerimeter/Constitution/FormationTransportExamples.lean:172:0: 'RelationalPerimeter.Constitution.FormationTransportExamples.repeated_nodes' does not depend on any axioms
info: RelationalPerimeter/Constitution/FormationTransportExamples.lean:173:0: 'RelationalPerimeter.Constitution.FormationTransportExamples.preserved_first_next_second' does not depend on any axioms
info: RelationalPerimeter/Constitution/FormationTransportExamples.lean:174:0: 'RelationalPerimeter.Constitution.FormationTransportExamples.preserved_first_precedes_third' does not depend on any axioms
info: RelationalPerimeter/Constitution/FormationTransportExamples.lean:175:0: 'RelationalPerimeter.Constitution.FormationTransportExamples.separated_transported_positions' does not depend on any axioms
info: RelationalPerimeter/Constitution/FormationTransportExamples.lean:176:0: 'RelationalPerimeter.Constitution.FormationTransportExamples.firstPrefix' does not depend on any axioms
info: RelationalPerimeter/Constitution/FormationTransportExamples.lean:177:0: 'RelationalPerimeter.Constitution.FormationTransportExamples.lastSuffix' does not depend on any axioms
info: RelationalPerimeter/Constitution/FormationTransportExamples.lean:178:0: 'RelationalPerimeter.Constitution.FormationTransportExamples.composed_history_commutes' does not depend on any axioms
info: RelationalPerimeter/Constitution/FormationTransportExamples.lean:179:0: 'RelationalPerimeter.Constitution.FormationTransportExamples.deployed_history_commutes' does not depend on any axioms
info: RelationalPerimeter/Constitution/FormationTransportExamples.lean:180:0: 'RelationalPerimeter.Constitution.FormationTransportExamples.choice' does not depend on any axioms
info: RelationalPerimeter/Constitution/FormationTransportExamples.lean:181:0: 'RelationalPerimeter.Constitution.FormationTransportExamples.chosen_walk_commutes' does not depend on any axioms
Build completed successfully (12 jobs).
