ℹ [2/8] Replayed RelationalPerimeter.Constitution.Primitives
info: RelationalPerimeter/Constitution/Primitives.lean:212:0: 'StrongPerimetralTurning.LocalNode' does not depend on any axioms
info: RelationalPerimeter/Constitution/Primitives.lean:213:0: 'StrongPerimetralTurning.PerimeterSpine' does not depend on any axioms
info: RelationalPerimeter/Constitution/Primitives.lean:214:0: 'StrongPerimetralTurning.PerimeterSpine.startNode' does not depend on any axioms
info: RelationalPerimeter/Constitution/Primitives.lean:215:0: 'StrongPerimetralTurning.PerimeterSpine.finalNode' does not depend on any axioms
info: RelationalPerimeter/Constitution/Primitives.lean:216:0: 'StrongPerimetralTurning.NonClosingPosition' does not depend on any axioms
info: RelationalPerimeter/Constitution/Primitives.lean:217:0: 'StrongPerimetralTurning.NonClosingPrecedes' does not depend on any axioms
info: RelationalPerimeter/Constitution/Primitives.lean:218:0: 'StrongPerimetralTurning.NonClosingNext' does not depend on any axioms
info: RelationalPerimeter/Constitution/Primitives.lean:219:0: 'StrongPerimetralTurning.NonClosingPrecedes.ne' does not depend on any axioms
info: RelationalPerimeter/Constitution/Primitives.lean:220:0: 'StrongPerimetralTurning.NonClosingNext.toPrecedes' does not depend on any axioms
ℹ [3/8] Replayed RelationalPerimeter.Constitution.PositivePresentation
info: RelationalPerimeter/Constitution/PositivePresentation.lean:79:0: 'StrongPerimetralTurning.PositiveCircularPresentation' does not depend on any axioms
info: RelationalPerimeter/Constitution/PositivePresentation.lean:80:0: 'StrongPerimetralTurning.EndpointBoundary' does not depend on any axioms
info: RelationalPerimeter/Constitution/PositivePresentation.lean:81:0: 'StrongPerimetralTurning.CircularClosureObstruction' does not depend on any axioms
info: RelationalPerimeter/Constitution/PositivePresentation.lean:82:0: 'StrongPerimetralTurning.CircularClosureObstruction.rejectTotalLoop' does not depend on any axioms
info: RelationalPerimeter/Constitution/PositivePresentation.lean:83:0: 'StrongPerimetralTurning.CircularClosureObstruction.endpointsSeparated' does not depend on any axioms
info: RelationalPerimeter/Constitution/PositivePresentation.lean:84:0: 'StrongPerimetralTurning.CircularClosureObstruction.noObstructionOfIdentifiedEndpoints' does not depend on any axioms
ℹ [4/8] Replayed ExactTypeTransport
info: ExactTypeTransport.lean:120:0: 'ExactTypeTransport' does not depend on any axioms
info: ExactTypeTransport.lean:121:0: 'ExactTypeTransport.reflexive' does not depend on any axioms
info: ExactTypeTransport.lean:122:0: 'ExactTypeTransport.ofEquality' does not depend on any axioms
info: ExactTypeTransport.lean:123:0: 'ExactTypeTransport.reverse' does not depend on any axioms
info: ExactTypeTransport.lean:124:0: 'ExactTypeTransport.compose' does not depend on any axioms
info: ExactTypeTransport.lean:125:0: 'ExactTypeTransport.sumUnit' does not depend on any axioms
info: ExactTypeTransport.lean:126:0: 'ExactTypeTransport.backward_eq_of_forward_eq' does not depend on any axioms
ℹ [5/8] Replayed RelationalPerimeter.Constitution.BoundaryTransport
info: RelationalPerimeter/Constitution/BoundaryTransport.lean:291:0: 'RelationalPerimeter.Constitution.ConstitutiveBoundary' does not depend on any axioms
info: RelationalPerimeter/Constitution/BoundaryTransport.lean:292:0: 'RelationalPerimeter.Constitution.closingBoundary' does not depend on any axioms
info: RelationalPerimeter/Constitution/BoundaryTransport.lean:293:0: 'RelationalPerimeter.Constitution.BoundaryCarrierTransport' does not depend on any axioms
info: RelationalPerimeter/Constitution/BoundaryTransport.lean:294:0: 'RelationalPerimeter.Constitution.BoundaryTransport' does not depend on any axioms
info: RelationalPerimeter/Constitution/BoundaryTransport.lean:295:0: 'RelationalPerimeter.Constitution.BoundaryTransport.identity' does not depend on any axioms
info: RelationalPerimeter/Constitution/BoundaryTransport.lean:296:0: 'RelationalPerimeter.Constitution.BoundaryTransport.reverse' does not depend on any axioms
info: RelationalPerimeter/Constitution/BoundaryTransport.lean:297:0: 'RelationalPerimeter.Constitution.BoundaryTransport.compose' does not depend on any axioms
info: RelationalPerimeter/Constitution/BoundaryTransport.lean:298:0: 'RelationalPerimeter.Constitution.BoundaryTransport.ForwardAgreement' does not depend on any axioms
info: RelationalPerimeter/Constitution/BoundaryTransport.lean:299:0: 'RelationalPerimeter.Constitution.BoundaryTransport.identity_left' does not depend on any axioms
info: RelationalPerimeter/Constitution/BoundaryTransport.lean:300:0: 'RelationalPerimeter.Constitution.BoundaryTransport.identity_right' does not depend on any axioms
info: RelationalPerimeter/Constitution/BoundaryTransport.lean:301:0: 'RelationalPerimeter.Constitution.BoundaryTransport.compose_associative' does not depend on any axioms
info: RelationalPerimeter/Constitution/BoundaryTransport.lean:302:0: 'RelationalPerimeter.Constitution.BoundaryTransport.reverse_left' does not depend on any axioms
info: RelationalPerimeter/Constitution/BoundaryTransport.lean:303:0: 'RelationalPerimeter.Constitution.BoundaryTransport.reverse_right' does not depend on any axioms
info: RelationalPerimeter/Constitution/BoundaryTransport.lean:304:0: 'RelationalPerimeter.Constitution.BoundaryTransport.reverse_reverse' does not depend on any axioms
info: RelationalPerimeter/Constitution/BoundaryTransport.lean:305:0: 'RelationalPerimeter.Constitution.BoundaryTransport.reverse_compose' does not depend on any axioms
info: RelationalPerimeter/Constitution/BoundaryTransport.lean:306:0: 'RelationalPerimeter.Constitution.BoundaryTransport.BackwardAgreement' does not depend on any axioms
info: RelationalPerimeter/Constitution/BoundaryTransport.lean:307:0: 'RelationalPerimeter.Constitution.BoundaryTransport.backward_of_forward' does not depend on any axioms
info: RelationalPerimeter/Constitution/BoundaryTransport.lean:308:0: 'RelationalPerimeter.Constitution.BoundaryTransport.exists_identity' does not depend on any axioms
info: RelationalPerimeter/Constitution/BoundaryTransport.lean:309:0: 'RelationalPerimeter.Constitution.BoundaryTransport.exists_reverse' does not depend on any axioms
info: RelationalPerimeter/Constitution/BoundaryTransport.lean:310:0: 'RelationalPerimeter.Constitution.BoundaryTransport.exists_compose' does not depend on any axioms
info: RelationalPerimeter/Constitution/BoundaryTransport.lean:311:0: 'RelationalPerimeter.Constitution.EquippedFinalRole' does not depend on any axioms
info: RelationalPerimeter/Constitution/BoundaryTransport.lean:312:0: 'RelationalPerimeter.Constitution.EquippedFinalRole.ext' does not depend on any axioms
info: RelationalPerimeter/Constitution/BoundaryTransport.lean:313:0: 'RelationalPerimeter.Constitution.EquippedFinalRole.unique' does not depend on any axioms
info: RelationalPerimeter/Constitution/BoundaryTransport.lean:314:0: 'RelationalPerimeter.Constitution.EquippedFinalRole.canonical' does not depend on any axioms
info: RelationalPerimeter/Constitution/BoundaryTransport.lean:315:0: 'RelationalPerimeter.Constitution.EquippedFinalRole.source' does not depend on any axioms
info: RelationalPerimeter/Constitution/BoundaryTransport.lean:316:0: 'RelationalPerimeter.Constitution.EquippedFinalRole.target' does not depend on any axioms
info: RelationalPerimeter/Constitution/BoundaryTransport.lean:317:0: 'RelationalPerimeter.Constitution.EquippedFinalRole.provenance' does not depend on any axioms
info: RelationalPerimeter/Constitution/BoundaryTransport.lean:318:0: 'RelationalPerimeter.Constitution.EquippedFinalRole.transport' does not depend on any axioms
info: RelationalPerimeter/Constitution/BoundaryTransport.lean:319:0: 'RelationalPerimeter.Constitution.EquippedFinalRole.source_preserved' does not depend on any axioms
info: RelationalPerimeter/Constitution/BoundaryTransport.lean:320:0: 'RelationalPerimeter.Constitution.EquippedFinalRole.target_preserved' does not depend on any axioms
info: RelationalPerimeter/Constitution/BoundaryTransport.lean:321:0: 'RelationalPerimeter.Constitution.EquippedFinalRole.provenance_preserved' does not depend on any axioms
info: RelationalPerimeter/Constitution/BoundaryTransport.lean:322:0: 'RelationalPerimeter.Constitution.EquippedFinalRole.transport_identity' does not depend on any axioms
info: RelationalPerimeter/Constitution/BoundaryTransport.lean:323:0: 'RelationalPerimeter.Constitution.EquippedFinalRole.transport_compose' does not depend on any axioms
info: RelationalPerimeter/Constitution/BoundaryTransport.lean:324:0: 'RelationalPerimeter.Constitution.EquippedFinalRole.transport_reverse' does not depend on any axioms
info: RelationalPerimeter/Constitution/BoundaryTransport.lean:325:0: 'RelationalPerimeter.Constitution.EquippedFinalRole.transport_reverse_right' does not depend on any axioms
info: RelationalPerimeter/Constitution/BoundaryTransport.lean:326:0: 'RelationalPerimeter.Constitution.EquippedFinalRole.exactTransport' does not depend on any axioms
ℹ [6/8] Replayed RelationalPerimeter.Constitution.ClosingBoundary
info: RelationalPerimeter/Constitution/ClosingBoundary.lean:147:0: 'RelationalPerimeter.Constitution.ClosingBoundaryShape' does not depend on any axioms
info: RelationalPerimeter/Constitution/ClosingBoundary.lean:148:0: 'RelationalPerimeter.Constitution.ClosingWitness' does not depend on any axioms
info: RelationalPerimeter/Constitution/ClosingBoundary.lean:149:0: 'RelationalPerimeter.Constitution.PointedClosingBoundary' does not depend on any axioms
info: RelationalPerimeter/Constitution/ClosingBoundary.lean:150:0: 'RelationalPerimeter.Constitution.ClosingBoundaryShape.point' does not depend on any axioms
info: RelationalPerimeter/Constitution/ClosingBoundary.lean:151:0: 'RelationalPerimeter.Constitution.ClosingBoundaryShape.pointingTransport' does not depend on any axioms
info: RelationalPerimeter/Constitution/ClosingBoundary.lean:152:0: 'RelationalPerimeter.Constitution.ClosingBoundaryShape.nonempty_pointed_iff' does not depend on any axioms
info: RelationalPerimeter/Constitution/ClosingBoundary.lean:153:0: 'RelationalPerimeter.Constitution.ClosingBoundaryShape.noPointingOfEmpty' does not depend on any axioms
info: RelationalPerimeter/Constitution/ClosingBoundary.lean:154:0: 'RelationalPerimeter.Constitution.ConstitutiveBoundary.toClosingBoundaryShape' does not depend on any axioms
info: RelationalPerimeter/Constitution/ClosingBoundary.lean:155:0: 'RelationalPerimeter.Constitution.ConstitutiveBoundary.toPointedClosingBoundary' does not depend on any axioms
info: RelationalPerimeter/Constitution/ClosingBoundary.lean:156:0: 'RelationalPerimeter.Constitution.ConstitutiveBoundary.shape_fibre_nonempty' does not depend on any axioms
info: RelationalPerimeter/Constitution/ClosingBoundary.lean:157:0: 'RelationalPerimeter.Constitution.PointedClosingBoundary.toConstitutiveBoundary' does not depend on any axioms
info: RelationalPerimeter/Constitution/ClosingBoundary.lean:158:0: 'RelationalPerimeter.Constitution.PointedClosingBoundary.shape_roundTrip' does not depend on any axioms
info: RelationalPerimeter/Constitution/ClosingBoundary.lean:159:0: 'RelationalPerimeter.Constitution.PointedClosingBoundary.pointing_roundTrip' does not depend on any axioms
info: RelationalPerimeter/Constitution/ClosingBoundary.lean:160:0: 'RelationalPerimeter.Constitution.PointedClosingBoundary.FinalRole' does not depend on any axioms
info: RelationalPerimeter/Constitution/ClosingBoundary.lean:161:0: 'RelationalPerimeter.Constitution.PointedClosingBoundary.finalRole' does not depend on any axioms
info: RelationalPerimeter/Constitution/ClosingBoundary.lean:162:0: 'RelationalPerimeter.Constitution.PointedClosingBoundary.finalRole_unique' does not depend on any axioms
info: RelationalPerimeter/Constitution/ClosingBoundary.lean:163:0: 'RelationalPerimeter.Constitution.PointedClosingBoundary.finalRole_junction' does not depend on any axioms
info: RelationalPerimeter/Constitution/ClosingBoundary.lean:164:0: 'RelationalPerimeter.Constitution.ConstitutiveBoundary.boundary_roundTrip' does not depend on any axioms
info: RelationalPerimeter/Constitution/ClosingBoundary.lean:165:0: 'RelationalPerimeter.Constitution.ClosingBoundaryShape.nonempty_finalRole_iff' does not depend on any axioms
info: RelationalPerimeter/Constitution/ClosingBoundary.lean:166:0: 'RelationalPerimeter.Constitution.ClosingBoundaryShape.noFinalRoleOfEmpty' does not depend on any axioms
ℹ [7/8] Replayed RelationalPerimeter.Constitution.SignatureTransport
info: RelationalPerimeter/Constitution/SignatureTransport.lean:286:0: 'RelationalPerimeter.Constitution.ConstitutiveSignature' does not depend on any axioms
info: RelationalPerimeter/Constitution/SignatureTransport.lean:287:0: 'RelationalPerimeter.Constitution.ConstitutiveBoundary.signature' does not depend on any axioms
info: RelationalPerimeter/Constitution/SignatureTransport.lean:288:0: 'RelationalPerimeter.Constitution.ConstitutiveSignature.Node' does not depend on any axioms
info: RelationalPerimeter/Constitution/SignatureTransport.lean:289:0: 'RelationalPerimeter.Constitution.ConstitutiveSignature.compatibilityReindex' does not depend on any axioms
info: RelationalPerimeter/Constitution/SignatureTransport.lean:290:0: 'RelationalPerimeter.Constitution.ConstitutiveSignature.provenanceReindex' does not depend on any axioms
info: RelationalPerimeter/Constitution/SignatureTransport.lean:291:0: 'RelationalPerimeter.Constitution.ConstitutiveSignatureTransport' does not depend on any axioms
info: RelationalPerimeter/Constitution/SignatureTransport.lean:292:0: 'RelationalPerimeter.Constitution.ConstitutiveSignatureTransport.identity' does not depend on any axioms
info: RelationalPerimeter/Constitution/SignatureTransport.lean:293:0: 'RelationalPerimeter.Constitution.ConstitutiveSignatureTransport.compatibilityAt' does not depend on any axioms
info: RelationalPerimeter/Constitution/SignatureTransport.lean:294:0: 'RelationalPerimeter.Constitution.ConstitutiveSignatureTransport.provenanceAt' does not depend on any axioms
info: RelationalPerimeter/Constitution/SignatureTransport.lean:295:0: 'RelationalPerimeter.Constitution.ConstitutiveSignatureTransport.reverse' does not depend on any axioms
info: RelationalPerimeter/Constitution/SignatureTransport.lean:296:0: 'RelationalPerimeter.Constitution.ConstitutiveSignatureTransport.compose' does not depend on any axioms
info: RelationalPerimeter/Constitution/SignatureTransport.lean:297:0: 'RelationalPerimeter.Constitution.ConstitutiveSignatureTransport.compatibility_return' does not depend on any axioms
info: RelationalPerimeter/Constitution/SignatureTransport.lean:298:0: 'RelationalPerimeter.Constitution.ConstitutiveSignatureTransport.compatibility_return_target' does not depend on any axioms
info: RelationalPerimeter/Constitution/SignatureTransport.lean:299:0: 'RelationalPerimeter.Constitution.ConstitutiveSignatureTransport.provenance_return' does not depend on any axioms
info: RelationalPerimeter/Constitution/SignatureTransport.lean:300:0: 'RelationalPerimeter.Constitution.ConstitutiveSignatureTransport.provenance_return_target' does not depend on any axioms
info: RelationalPerimeter/Constitution/SignatureTransport.lean:301:0: 'RelationalPerimeter.Constitution.ConstitutiveSignatureTransport.reindexed_compatibility_return' does not depend on any axioms
info: RelationalPerimeter/Constitution/SignatureTransport.lean:302:0: 'RelationalPerimeter.Constitution.ConstitutiveSignatureTransport.reindexed_provenance_return' does not depend on any axioms
info: RelationalPerimeter/Constitution/SignatureTransport.lean:303:0: 'RelationalPerimeter.Constitution.ConstitutiveSignatureTransport.identity_compatibility' does not depend on any axioms
info: RelationalPerimeter/Constitution/SignatureTransport.lean:304:0: 'RelationalPerimeter.Constitution.ConstitutiveSignatureTransport.identity_provenance' does not depend on any axioms
info: RelationalPerimeter/Constitution/SignatureTransport.lean:305:0: 'RelationalPerimeter.Constitution.ConstitutiveSignatureTransport.compose_compatibility' does not depend on any axioms
info: RelationalPerimeter/Constitution/SignatureTransport.lean:306:0: 'RelationalPerimeter.Constitution.ConstitutiveSignatureTransport.compose_provenance' does not depend on any axioms
info: RelationalPerimeter/Constitution/SignatureTransport.lean:307:0: 'RelationalPerimeter.Constitution.ConstitutiveSignatureTransport.identity_left_compatibility' does not depend on any axioms
info: RelationalPerimeter/Constitution/SignatureTransport.lean:308:0: 'RelationalPerimeter.Constitution.ConstitutiveSignatureTransport.identity_right_compatibility' does not depend on any axioms
info: RelationalPerimeter/Constitution/SignatureTransport.lean:309:0: 'RelationalPerimeter.Constitution.ConstitutiveSignatureTransport.identity_left_provenance' does not depend on any axioms
info: RelationalPerimeter/Constitution/SignatureTransport.lean:310:0: 'RelationalPerimeter.Constitution.ConstitutiveSignatureTransport.identity_right_provenance' does not depend on any axioms
info: RelationalPerimeter/Constitution/SignatureTransport.lean:311:0: 'RelationalPerimeter.Constitution.ConstitutiveSignatureTransport.compose_associative_compatibility' does not depend on any axioms
info: RelationalPerimeter/Constitution/SignatureTransport.lean:312:0: 'RelationalPerimeter.Constitution.ConstitutiveSignatureTransport.compose_associative_provenance' does not depend on any axioms
info: RelationalPerimeter/Constitution/SignatureTransport.lean:313:0: 'RelationalPerimeter.Constitution.ConstitutiveSignatureTransport.reverse_compatibility_return' does not depend on any axioms
info: RelationalPerimeter/Constitution/SignatureTransport.lean:314:0: 'RelationalPerimeter.Constitution.ConstitutiveSignatureTransport.reverse_provenance_return' does not depend on any axioms
info: RelationalPerimeter/Constitution/SignatureTransport.lean:315:0: 'RelationalPerimeter.Constitution.ConstitutiveSignatureTransport.compatibility_backward_reindex' does not depend on any axioms
info: RelationalPerimeter/Constitution/SignatureTransport.lean:316:0: 'RelationalPerimeter.Constitution.ConstitutiveSignatureTransport.provenance_backward_reindex' does not depend on any axioms
info: RelationalPerimeter/Constitution/SignatureTransport.lean:317:0: 'RelationalPerimeter.Constitution.ConstitutiveSignatureTransport.reverse_compatibility_return_target' does not depend on any axioms
info: RelationalPerimeter/Constitution/SignatureTransport.lean:318:0: 'RelationalPerimeter.Constitution.ConstitutiveSignatureTransport.reverse_provenance_return_target' does not depend on any axioms
info: RelationalPerimeter/Constitution/SignatureTransport.lean:319:0: 'RelationalPerimeter.Constitution.ConstitutiveSignatureTransport.mapNode' does not depend on any axioms
info: RelationalPerimeter/Constitution/SignatureTransport.lean:320:0: 'RelationalPerimeter.Constitution.ConstitutiveSignatureTransport.mapNode_identity' does not depend on any axioms
info: RelationalPerimeter/Constitution/SignatureTransport.lean:321:0: 'RelationalPerimeter.Constitution.ConstitutiveSignatureTransport.mapNode_compose' does not depend on any axioms
info: RelationalPerimeter/Constitution/SignatureTransport.lean:322:0: 'RelationalPerimeter.Constitution.ConstitutiveSignatureTransport.restrictCarriers' does not depend on any axioms
info: RelationalPerimeter/Constitution/SignatureTransport.lean:323:0: 'RelationalPerimeter.Constitution.ConstitutiveSignatureTransport.restrict' does not depend on any axioms
info: RelationalPerimeter/Constitution/SignatureTransport.lean:324:0: 'RelationalPerimeter.Constitution.ConstitutiveSignatureTransport.restrict_junction_forward' does not depend on any axioms
info: RelationalPerimeter/Constitution/SignatureTransport.lean:325:0: 'RelationalPerimeter.Constitution.ConstitutiveSignatureTransport.restrict_provenance_backward' does not depend on any axioms
ℹ [8/8] Built RelationalPerimeter.Constitution.SignatureTransportExamples (570ms)
info: RelationalPerimeter/Constitution/SignatureTransportExamples.lean:134:0: 'RelationalPerimeter.Constitution.SignatureTransportExamples.boolFlip' does not depend on any axioms
info: RelationalPerimeter/Constitution/SignatureTransportExamples.lean:135:0: 'RelationalPerimeter.Constitution.SignatureTransportExamples.boolSignature' does not depend on any axioms
info: RelationalPerimeter/Constitution/SignatureTransportExamples.lean:136:0: 'RelationalPerimeter.Constitution.SignatureTransportExamples.flip' does not depend on any axioms
info: RelationalPerimeter/Constitution/SignatureTransportExamples.lean:137:0: 'RelationalPerimeter.Constitution.SignatureTransportExamples.inhabitedSignature' does not depend on any axioms
info: RelationalPerimeter/Constitution/SignatureTransportExamples.lean:138:0: 'RelationalPerimeter.Constitution.SignatureTransportExamples.emptySignature' does not depend on any axioms
info: RelationalPerimeter/Constitution/SignatureTransportExamples.lean:139:0: 'RelationalPerimeter.Constitution.SignatureTransportExamples.same_explicit_sorts' does not depend on any axioms
info: RelationalPerimeter/Constitution/SignatureTransportExamples.lean:140:0: 'RelationalPerimeter.Constitution.SignatureTransportExamples.same_implicit_sorts' does not depend on any axioms
info: RelationalPerimeter/Constitution/SignatureTransportExamples.lean:141:0: 'RelationalPerimeter.Constitution.SignatureTransportExamples.same_difference_sorts' does not depend on any axioms
info: RelationalPerimeter/Constitution/SignatureTransportExamples.lean:142:0: 'RelationalPerimeter.Constitution.SignatureTransportExamples.no_family_transport' does not depend on any axioms
info: RelationalPerimeter/Constitution/SignatureTransportExamples.lean:143:0: 'RelationalPerimeter.Constitution.SignatureTransportExamples.no_family_transport_nonempty' does not depend on any axioms
info: RelationalPerimeter/Constitution/SignatureTransportExamples.lean:144:0: 'RelationalPerimeter.Constitution.SignatureTransportExamples.selectedBoundary' does not depend on any axioms
info: RelationalPerimeter/Constitution/SignatureTransportExamples.lean:145:0: 'RelationalPerimeter.Constitution.SignatureTransportExamples.junctionSwap' does not depend on any axioms
info: RelationalPerimeter/Constitution/SignatureTransportExamples.lean:146:0: 'RelationalPerimeter.Constitution.SignatureTransportExamples.provenanceSwap' does not depend on any axioms
info: RelationalPerimeter/Constitution/SignatureTransportExamples.lean:147:0: 'RelationalPerimeter.Constitution.SignatureTransportExamples.junction_swap_indices' does not depend on any axioms
info: RelationalPerimeter/Constitution/SignatureTransportExamples.lean:148:0: 'RelationalPerimeter.Constitution.SignatureTransportExamples.junction_swap_changes_choice' does not depend on any axioms
info: RelationalPerimeter/Constitution/SignatureTransportExamples.lean:149:0: 'RelationalPerimeter.Constitution.SignatureTransportExamples.junction_swap_keeps_provenance' does not depend on any axioms
info: RelationalPerimeter/Constitution/SignatureTransportExamples.lean:150:0: 'RelationalPerimeter.Constitution.SignatureTransportExamples.provenance_swap_keeps_junction' does not depend on any axioms
info: RelationalPerimeter/Constitution/SignatureTransportExamples.lean:151:0: 'RelationalPerimeter.Constitution.SignatureTransportExamples.provenance_swap_changes_choice' does not depend on any axioms
info: RelationalPerimeter/Constitution/SignatureTransportExamples.lean:152:0: 'RelationalPerimeter.Constitution.SignatureTransportExamples.movedBoundary' does not depend on any axioms
info: RelationalPerimeter/Constitution/SignatureTransportExamples.lean:153:0: 'RelationalPerimeter.Constitution.SignatureTransportExamples.selectedRestriction' does not depend on any axioms
info: RelationalPerimeter/Constitution/SignatureTransportExamples.lean:154:0: 'RelationalPerimeter.Constitution.SignatureTransportExamples.restriction_junction' does not depend on any axioms
info: RelationalPerimeter/Constitution/SignatureTransportExamples.lean:155:0: 'RelationalPerimeter.Constitution.SignatureTransportExamples.restriction_provenance' does not depend on any axioms
info: RelationalPerimeter/Constitution/SignatureTransportExamples.lean:156:0: 'RelationalPerimeter.Constitution.SignatureTransportExamples.restriction_junction_return' does not depend on any axioms
info: RelationalPerimeter/Constitution/SignatureTransportExamples.lean:157:0: 'RelationalPerimeter.Constitution.SignatureTransportExamples.restriction_provenance_return' does not depend on any axioms
info: RelationalPerimeter/Constitution/SignatureTransportExamples.lean:158:0: 'RelationalPerimeter.Constitution.SignatureTransportExamples.unselected_compatibility' does not depend on any axioms
info: RelationalPerimeter/Constitution/SignatureTransportExamples.lean:159:0: 'RelationalPerimeter.Constitution.SignatureTransportExamples.unselected_provenance' does not depend on any axioms
info: RelationalPerimeter/Constitution/SignatureTransportExamples.lean:160:0: 'RelationalPerimeter.Constitution.SignatureTransportExamples.inverse_unselected_compatibility' does not depend on any axioms
info: RelationalPerimeter/Constitution/SignatureTransportExamples.lean:161:0: 'RelationalPerimeter.Constitution.SignatureTransportExamples.inverse_unselected_provenance' does not depend on any axioms
info: RelationalPerimeter/Constitution/SignatureTransportExamples.lean:162:0: 'RelationalPerimeter.Constitution.SignatureTransportExamples.composed_unselected_compatibility' does not depend on any axioms
info: RelationalPerimeter/Constitution/SignatureTransportExamples.lean:163:0: 'RelationalPerimeter.Constitution.SignatureTransportExamples.composed_unselected_provenance' does not depend on any axioms
Build completed successfully (8 jobs).
