info: StrongPerimetralTurning.lean:8933:0: 'StrongPerimetralTurning.preserveFormationRecordAlongHistory' does not depend on any axioms
info: StrongPerimetralTurning.lean:8934:0: 'StrongPerimetralTurning.preserveHistoricalProvenanceAlongStep' does not depend on any axioms
info: StrongPerimetralTurning.lean:8935:0: 'StrongPerimetralTurning.preserveHistoricalProvenanceAlongHistory' does not depend on any axioms
info: StrongPerimetralTurning.lean:9038:0: 'StrongPerimetralTurning.AdequateAlong' does not depend on any axioms
info: StrongPerimetralTurning.lean:9167:0: 'StrongPerimetralTurning.circularRefinement_adequateAlong' does not depend on any axioms
info: RelationalPerimeter/Computation/ConstitutiveSearch/EndogenousDecomposition/ExecutedFeedbackBridge.lean:168:0: 'ConstitutiveSearch.EndogenousDecomposition.ExecutedFeedback.StepFacts' does not depend on any axioms
info: RelationalPerimeter/Computation/ConstitutiveSearch/EndogenousDecomposition/ExecutedFeedbackBridge.lean:169:0: 'ConstitutiveSearch.EndogenousDecomposition.ExecutedFeedback.stepFacts' does not depend on any axioms
info: RelationalPerimeter/Computation/ConstitutiveSearch/EndogenousDecomposition/ExecutedFeedbackBridge.lean:170:0: 'ConstitutiveSearch.EndogenousDecomposition.ExecutedFeedback.producedRoleAction_is_discovered' does not depend on any axioms
info: RelationalPerimeter/Computation/ConstitutiveSearch/EndogenousDecomposition/ExecutedFeedbackBridge.lean:171:0: 'ConstitutiveSearch.EndogenousDecomposition.ExecutedFeedback.Along' does not depend on any axioms
info: RelationalPerimeter/Computation/ConstitutiveSearch/EndogenousDecomposition/ExecutedFeedbackBridge.lean:172:0: 'ConstitutiveSearch.EndogenousDecomposition.ExecutedFeedback.along' does not depend on any axioms
info: RelationalPerimeter/Computation/ConstitutiveSearch/EndogenousDecomposition/ExecutedFeedbackBridge.lean:174:0: 'ConstitutiveSearch.EndogenousDecomposition.ExecutedFeedback.widthTrace_existing' does not depend on any axioms
info: RelationalPerimeter/Computation/ConstitutiveSearch/EndogenousDecomposition/ExecutedFeedbackBridge.lean:175:0: 'ConstitutiveSearch.EndogenousDecomposition.ExecutedFeedback.widthTrace_le_two' does not depend on any axioms
info: RelationalPerimeter/Computation/ConstitutiveSearch/EndogenousDecomposition/ExecutedFeedbackBridge.lean:176:0: 'ConstitutiveSearch.EndogenousDecomposition.ExecutedFeedback.public_along' does not depend on any axioms
info: RelationalPerimeter/Computation/ConstitutiveSearch/EndogenousDecomposition/ExecutedFeedbackBridge.lean:177:0: 'ConstitutiveSearch.EndogenousDecomposition.ExecutedFeedback.public_widthTrace_le_two' does not depend on any axioms
info: RelationalPerimeter/Computation/ConstitutiveSearch/EndogenousDecomposition/RoleProfileSemantics.lean:299:0: 'ConstitutiveSearch.EndogenousDecomposition.RoleSemantics.canonicalPayload_accepted' does not depend on any axioms
info: RelationalPerimeter/Computation/ConstitutiveSearch/EndogenousDecomposition/ConstitutiveExtensiveSeparation.lean:730:0: 'ConstitutiveSearch.EndogenousDecomposition.EndogenousDecompositionAndWidth' does not depend on any axioms
info: RelationalPerimeter/Computation/ConstitutiveSearch/EndogenousDecomposition/ConstitutiveExtensiveSeparation.lean:731:0: 'ConstitutiveSearch.EndogenousDecomposition.endogenousDecompositionAndWidth' does not depend on any axioms
info: RelationalPerimeter/Computation/ConstitutiveSearch/EndogenousDecomposition/ConstitutiveExtensiveSeparation.lean:732:0: 'ConstitutiveSearch.EndogenousDecomposition.binaryClass_fullWidthExactlyInjective' does not depend on any axioms
info: RelationalPerimeter/Computation/ConstitutiveSearch/EndogenousDecomposition/ConstitutiveExtensiveSeparation.lean:733:0: 'ConstitutiveSearch.EndogenousDecomposition.extensiveMultiplicity_doesNotForceFullOperationalWidth' does not depend on any axioms
info: RelationalPerimeter/Computation/EndogenousOperationalDecomposition.lean:1062:0: 'RelationalPerimeter.Computation.EndogenousOperationalDecomposition.endogenous_production_and_width_separation' does not depend on any axioms
info: RelationalPerimeter.lean:15:0: 'RelationalPerimeter.Computation.EndogenousOperationalDecomposition.endogenous_production_and_width_separation' does not depend on any axioms
info: Tests/EndogenousWidthBridgeRegression.lean:64:0: 'EndogenousWidthBridgeRegression.fullBridge' does not depend on any axioms
info: Tests/EndogenousWidthBridgeRegression.lean:65:0: 'EndogenousWidthBridgeRegression.existingEndogeneity' does not depend on any axioms
info: Tests/EndogenousWidthBridgeRegression.lean:66:0: 'EndogenousWidthBridgeRegression.allSourcesViable' does not depend on any axioms
info: Tests/EndogenousWidthBridgeRegression.lean:67:0: 'EndogenousWidthBridgeRegression.allSourcesHaveTheirTrace' does not depend on any axioms
info: Tests/EndogenousWidthBridgeRegression.lean:68:0: 'EndogenousWidthBridgeRegression.widthReadings' does not depend on any axioms
info: Tests/EndogenousWidthBridgeRegression.lean:69:0: 'EndogenousWidthBridgeRegression.arbitraryBinaryMember' does not depend on any axioms
info: Tests/EndogenousWidthBridgeRegression.lean:70:0: 'EndogenousWidthBridgeRegression.fullWidthNotForced' does not depend on any axioms
